ASxxxx Linker V03.00 + NoICE + sdld,  page 1.
Hexadecimal  [32-Bits]

Area                                    Addr        Size        Decimal Bytes (Attributes)
--------------------------------        ----        ----        ------- ----- ------------
CABS                                00000000    00000000 =           0. bytes (ABS,CON,CODE)

      Value  Global                              Global Defined In Module
      -----  --------------------------------   ------------------------
C:   00000000  l_BIT_BANK                      
C:   00000000  l_CABS                          
C:   00000000  l_GSINIT1                       
C:   00000000  l_GSINIT5                       
C:   00000000  l_IABS                          
C:   00000000  l_ISEG                          
C:   00000000  l_PSEG                          
C:   00000000  l_REG_BANK_1                    
C:   00000000  l_REG_BANK_2                    
C:   00000000  l_REG_BANK_3                    
C:   00000000  l_RSEG                          
C:   00000000  l_RSEG0                         
C:   00000000  l_RSEG1                         
C:   00000000  l_XABS                          
C:   00000000  l_XINIT                         
C:   00000000  l_XISEG                         
C:   00000000  l_XSEG                          
C:   00000000  l__CODE                         
C:   00000000  s_BSEG                          
C:   00000000  s_CABS                          
C:   00000000  s_DSEG                          
C:   00000000  s_HOME                          
C:   00000000  s_IABS                          
C:   00000000  s_ISEG                          
C:   00000000  s_REG_BANK_0                    
C:   00000000  s_RSEG                          
C:   00000000  s_RSEG0                         
C:   00000000  s_RSEG1                         
C:   00000000  s_XABS                          
C:   00000001  s_PSEG                          
C:   00000001  s_XISEG                         
C:   00000001  s_XSEG                          
C:   00000002  l_OSEG                          
C:   00000003  l_BSEG_BYTES                    
C:   00000003  l_GSFINAL                       
C:   00000003  l_GSINIT0                       
C:   00000008  l_REG_BANK_0                    
C:   00000008  s_REG_BANK_1                    
C:   0000000A  l_GSINIT2                       
C:   0000000B  l_GSINIT                        
C:   00000010  s_REG_BANK_2                    
C:   00000011  l_BSEG                          
C:   00000014  s_OSEG                          
C:   00000018  s_BIT_BANK                      
C:   00000018  s_REG_BANK_3                    
C:   00000020  s_BSEG_BYTES                    
C:   00000020  s__CODE                         
C:   00000022  l_GSINIT3                       
C:   00000023  s_SSEG                          
C:   0000002A  l_GSINIT4                       
ASxxxx Linker V03.00 + NoICE + sdld,  page 2.
Hexadecimal  [32-Bits]

Area                                    Addr        Size        Decimal Bytes (Attributes)
--------------------------------        ----        ----        ------- ----- ------------
CABS                                00000000    00000000 =           0. bytes (ABS,CON,CODE)

      Value  Global                              Global Defined In Module
      -----  --------------------------------   ------------------------
C:   00000031  l_HOME                          
C:   00000031  s_GSINIT0                       
C:   00000034  s_GSINIT1                       
C:   00000034  s_GSINIT2                       
C:   0000003E  s_GSINIT3                       
C:   00000060  s_GSINIT4                       
C:   00000076  l_DSEG                          
C:   0000008A  s_GSINIT                        
C:   0000008A  s_GSINIT5                       
C:   00000095  s_GSFINAL                       
C:   00000098  s_CSEG                          
C:   000000DD  l_SSEG                          
C:   00000100  l_IRAM                          
C:   000004E9  l_CONST                         
C:   00000D64  l_CSEG                          
C:   00000DFC  s_CONST                         
C:   000012E5  s_XINIT                         

ASxxxx Linker V03.00 + NoICE + sdld,  page 3.
Hexadecimal  [32-Bits]

Area                                    Addr        Size        Decimal Bytes (Attributes)
--------------------------------        ----        ----        ------- ----- ------------
.  .ABS.                            00000000    00000000 =           0. bytes (ABS,CON)

      Value  Global                              Global Defined In Module
      -----  --------------------------------   ------------------------
     00000000  .__.ABS.                           _startup
     00000080  G$P0$0_0$0                         main
     00000080  G$P0_0$0_0$0                       main
     00000080  _P0                                main
     00000080  _P0_0                              main
     00000081  G$P0_1$0_0$0                       main
     00000081  G$SP$0_0$0                         main
     00000081  _P0_1                              main
     00000081  _SP                                main
     00000082  G$DPL$0_0$0                        main
     00000082  G$P0_2$0_0$0                       main
     00000082  _DPL                               main
     00000082  _P0_2                              main
     00000083  G$DPH$0_0$0                        main
     00000083  G$P0_3$0_0$0                       main
     00000083  _DPH                               main
     00000083  _P0_3                              main
     00000084  G$P0_4$0_0$0                       main
     00000084  G$SFRPAGE$0_0$0                    main
     00000084  _P0_4                              main
     00000084  _SFRPAGE                           main
     00000085  G$P0_5$0_0$0                       main
     00000085  G$SFRNEXT$0_0$0                    main
     00000085  _P0_5                              main
     00000085  _SFRNEXT                           main
     00000086  G$P0_6$0_0$0                       main
     00000086  G$SFRLAST$0_0$0                    main
     00000086  _P0_6                              main
     00000086  _SFRLAST                           main
     00000087  G$P0_7$0_0$0                       main
     00000087  G$PCON$0_0$0                       main
     00000087  _P0_7                              main
     00000087  _PCON                              main
     00000088  G$CP0HYN0$0_0$0                    main
     00000088  G$CP1HYN0$0_0$0                    main
     00000088  G$CP2HYN0$0_0$0                    main
     00000088  G$CPT0CN$0_0$0                     main
     00000088  G$CPT1CN$0_0$0                     main
     00000088  G$CPT2CN$0_0$0                     main
     00000088  G$IT0$0_0$0                        main
     00000088  G$TCON$0_0$0                       main
     00000088  _CP0HYN0                           main
     00000088  _CP1HYN0                           main
     00000088  _CP2HYN0                           main
     00000088  _CPT0CN                            main
     00000088  _CPT1CN                            main
     00000088  _CPT2CN                            main
     00000088  _IT0                               main
     00000088  _TCON                              main
     00000089  G$CP0HYN1$0_0$0                    main
ASxxxx Linker V03.00 + NoICE + sdld,  page 4.
Hexadecimal  [32-Bits]

Area                                    Addr        Size        Decimal Bytes (Attributes)
--------------------------------        ----        ----        ------- ----- ------------
.  .ABS.                            00000000    00000000 =           0. bytes (ABS,CON)

      Value  Global                              Global Defined In Module
      -----  --------------------------------   ------------------------
     00000089  G$CP1HYN1$0_0$0                    main
     00000089  G$CP2HYN1$0_0$0                    main
     00000089  G$CPT0MD$0_0$0                     main
     00000089  G$CPT1MD$0_0$0                     main
     00000089  G$CPT2MD$0_0$0                     main
     00000089  G$IE0$0_0$0                        main
     00000089  G$TMOD$0_0$0                       main
     00000089  _CP0HYN1                           main
     00000089  _CP1HYN1                           main
     00000089  _CP2HYN1                           main
     00000089  _CPT0MD                            main
     00000089  _CPT1MD                            main
     00000089  _CPT2MD                            main
     00000089  _IE0                               main
     00000089  _TMOD                              main
     0000008A  G$CP0HYP0$0_0$0                    main
     0000008A  G$CP1HYP0$0_0$0                    main
     0000008A  G$CP2HYP0$0_0$0                    main
     0000008A  G$IT1$0_0$0                        main
     0000008A  G$OSCICN$0_0$0                     main
     0000008A  G$TL0$0_0$0                        main
     0000008A  _CP0HYP0                           main
     0000008A  _CP1HYP0                           main
     0000008A  _CP2HYP0                           main
     0000008A  _IT1                               main
     0000008A  _OSCICN                            main
     0000008A  _TL0                               main
     0000008B  G$CP0HYP1$0_0$0                    main
     0000008B  G$CP1HYP1$0_0$0                    main
     0000008B  G$CP2HYP1$0_0$0                    main
     0000008B  G$IE1$0_0$0                        main
     0000008B  G$OSCICL$0_0$0                     main
     0000008B  G$TL1$0_0$0                        main
     0000008B  _CP0HYP1                           main
     0000008B  _CP1HYP1                           main
     0000008B  _CP2HYP1                           main
     0000008B  _IE1                               main
     0000008B  _OSCICL                            main
     0000008B  _TL1                               main
     0000008C  G$CP0FIF$0_0$0                     main
     0000008C  G$CP1FIF$0_0$0                     main
     0000008C  G$CP2FIF$0_0$0                     main
     0000008C  G$OSCXCN$0_0$0                     main
     0000008C  G$TH0$0_0$0                        main
     0000008C  G$TR0$0_0$0                        main
     0000008C  _CP0FIF                            main
     0000008C  _CP1FIF                            main
     0000008C  _CP2FIF                            main
     0000008C  _OSCXCN                            main
     0000008C  _TH0                               main
     0000008C  _TR0                               main
ASxxxx Linker V03.00 + NoICE + sdld,  page 5.
Hexadecimal  [32-Bits]

Area                                    Addr        Size        Decimal Bytes (Attributes)
--------------------------------        ----        ----        ------- ----- ------------
.  .ABS.                            00000000    00000000 =           0. bytes (ABS,CON)

      Value  Global                              Global Defined In Module
      -----  --------------------------------   ------------------------
     0000008D  G$CP0RIF$0_0$0                     main
     0000008D  G$CP1RIF$0_0$0                     main
     0000008D  G$CP2RIF$0_0$0                     main
     0000008D  G$TF0$0_0$0                        main
     0000008D  G$TH1$0_0$0                        main
     0000008D  _CP0RIF                            main
     0000008D  _CP1RIF                            main
     0000008D  _CP2RIF                            main
     0000008D  _TF0                               main
     0000008D  _TH1                               main
     0000008E  G$CKCON$0_0$0                      main
     0000008E  G$CP0OUT$0_0$0                     main
     0000008E  G$CP1OUT$0_0$0                     main
     0000008E  G$CP2OUT$0_0$0                     main
     0000008E  G$TR1$0_0$0                        main
     0000008E  _CKCON                             main
     0000008E  _CP0OUT                            main
     0000008E  _CP1OUT                            main
     0000008E  _CP2OUT                            main
     0000008E  _TR1                               main
     0000008F  G$CP0EN$0_0$0                      main
     0000008F  G$CP1EN$0_0$0                      main
     0000008F  G$CP2EN$0_0$0                      main
     0000008F  G$PSCTL$0_0$0                      main
     0000008F  G$TF1$0_0$0                        main
     0000008F  _CP0EN                             main
     0000008F  _CP1EN                             main
     0000008F  _CP2EN                             main
     0000008F  _PSCTL                             main
     0000008F  _TF1                               main
     00000090  G$P1$0_0$0                         main
     00000090  G$P1_0$0_0$0                       main
     00000090  _P1                                main
     00000090  _P1_0                              main
     00000091  G$P1_1$0_0$0                       main
     00000091  G$SSTA0$0_0$0                      main
     00000091  _P1_1                              main
     00000091  _SSTA0                             main
     00000092  G$P1_2$0_0$0                       main
     00000092  _P1_2                              main
     00000093  G$P1_3$0_0$0                       main
     00000093  _P1_3                              main
     00000094  G$P1_4$0_0$0                       main
     00000094  _P1_4                              main
     00000095  G$P1_5$0_0$0                       main
     00000095  _P1_5                              main
     00000096  G$P1_6$0_0$0                       main
     00000096  G$SFRPGCN$0_0$0                    main
     00000096  _P1_6                              main
     00000096  _SFRPGCN                           main
     00000097  G$CLKSEL$0_0$0                     main
ASxxxx Linker V03.00 + NoICE + sdld,  page 6.
Hexadecimal  [32-Bits]

Area                                    Addr        Size        Decimal Bytes (Attributes)
--------------------------------        ----        ----        ------- ----- ------------
.  .ABS.                            00000000    00000000 =           0. bytes (ABS,CON)

      Value  Global                              Global Defined In Module
      -----  --------------------------------   ------------------------
     00000097  G$P1_7$0_0$0                       main
     00000097  _CLKSEL                            main
     00000097  _P1_7                              main
     00000098  G$RI0$0_0$0                        main
     00000098  G$RI1$0_0$0                        main
     00000098  G$SCON0$0_0$0                      main
     00000098  G$SCON1$0_0$0                      main
     00000098  _RI0                               main
     00000098  _RI1                               main
     00000098  _SCON0                             main
     00000098  _SCON1                             main
     00000099  G$SBUF0$0_0$0                      main
     00000099  G$SBUF1$0_0$0                      main
     00000099  G$TI0$0_0$0                        main
     00000099  G$TI1$0_0$0                        main
     00000099  _SBUF0                             main
     00000099  _SBUF1                             main
     00000099  _TI0                               main
     00000099  _TI1                               main
     0000009A  G$RB80$0_0$0                       main
     0000009A  G$RB81$0_0$0                       main
     0000009A  G$SPI0CFG$0_0$0                    main
     0000009A  _RB80                              main
     0000009A  _RB81                              main
     0000009A  _SPI0CFG                           main
     0000009B  G$SPI0DAT$0_0$0                    main
     0000009B  G$TB80$0_0$0                       main
     0000009B  G$TB81$0_0$0                       main
     0000009B  _SPI0DAT                           main
     0000009B  _TB80                              main
     0000009B  _TB81                              main
     0000009C  G$P4MDOUT$0_0$0                    main
     0000009C  G$REN0$0_0$0                       main
     0000009C  G$REN1$0_0$0                       main
     0000009C  _P4MDOUT                           main
     0000009C  _REN0                              main
     0000009C  _REN1                              main
     0000009D  G$MCE1$0_0$0                       main
     0000009D  G$P5MDOUT$0_0$0                    main
     0000009D  G$SM20$0_0$0                       main
     0000009D  G$SPI0CKR$0_0$0                    main
     0000009D  _MCE1                              main
     0000009D  _P5MDOUT                           main
     0000009D  _SM20                              main
     0000009D  _SPI0CKR                           main
     0000009E  G$P6MDOUT$0_0$0                    main
     0000009E  G$SM10$0_0$0                       main
     0000009E  _P6MDOUT                           main
     0000009E  _SM10                              main
     0000009F  G$P7MDOUT$0_0$0                    main
     0000009F  G$S1MODE$0_0$0                     main
ASxxxx Linker V03.00 + NoICE + sdld,  page 7.
Hexadecimal  [32-Bits]

Area                                    Addr        Size        Decimal Bytes (Attributes)
--------------------------------        ----        ----        ------- ----- ------------
.  .ABS.                            00000000    00000000 =           0. bytes (ABS,CON)

      Value  Global                              Global Defined In Module
      -----  --------------------------------   ------------------------
     0000009F  G$SM00$0_0$0                       main
     0000009F  _P7MDOUT                           main
     0000009F  _S1MODE                            main
     0000009F  _SM00                              main
     000000A0  G$P2$0_0$0                         main
     000000A0  G$P2_0$0_0$0                       main
     000000A0  _P2                                main
     000000A0  _P2_0                              main
     000000A0  __XPAGE                            
     000000A1  G$EMI0TC$0_0$0                     main
     000000A1  G$P2_1$0_0$0                       main
     000000A1  _EMI0TC                            main
     000000A1  _P2_1                              main
     000000A2  G$EMI0CN$0_0$0                     main
     000000A2  G$P2_2$0_0$0                       main
     000000A2  _EMI0CN                            main
     000000A2  _P2_2                              main
     000000A3  G$EMI0CF$0_0$0                     main
     000000A3  G$P2_3$0_0$0                       main
     000000A3  _EMI0CF                            main
     000000A3  _P2_3                              main
     000000A4  G$P0MDOUT$0_0$0                    main
     000000A4  G$P2_4$0_0$0                       main
     000000A4  _P0MDOUT                           main
     000000A4  _P2_4                              main
     000000A5  G$P1MDOUT$0_0$0                    main
     000000A5  G$P2_5$0_0$0                       main
     000000A5  _P1MDOUT                           main
     000000A5  _P2_5                              main
     000000A6  G$P2MDOUT$0_0$0                    main
     000000A6  G$P2_6$0_0$0                       main
     000000A6  _P2MDOUT                           main
     000000A6  _P2_6                              main
     000000A7  G$P2_7$0_0$0                       main
     000000A7  G$P3MDOUT$0_0$0                    main
     000000A7  _P2_7                              main
     000000A7  _P3MDOUT                           main
     000000A8  G$EX0$0_0$0                        main
     000000A8  G$IE$0_0$0                         main
     000000A8  _EX0                               main
     000000A8  _IE                                main
     000000A9  G$ET0$0_0$0                        main
     000000A9  G$SADDR0$0_0$0                     main
     000000A9  G$SADDR1$0_0$0                     main
     000000A9  _ET0                               main
     000000A9  _SADDR0                            main
     000000A9  _SADDR1                            main
     000000AA  G$EX1$0_0$0                        main
     000000AA  _EX1                               main
     000000AB  G$ET1$0_0$0                        main
     000000AB  _ET1                               main
ASxxxx Linker V03.00 + NoICE + sdld,  page 8.
Hexadecimal  [32-Bits]

Area                                    Addr        Size        Decimal Bytes (Attributes)
--------------------------------        ----        ----        ------- ----- ------------
.  .ABS.                            00000000    00000000 =           0. bytes (ABS,CON)

      Value  Global                              Global Defined In Module
      -----  --------------------------------   ------------------------
     000000AC  G$ES0$0_0$0                        main
     000000AC  _ES0                               main
     000000AD  G$ET2$0_0$0                        main
     000000AD  G$P1MDIN$0_0$0                     main
     000000AD  _ET2                               main
     000000AD  _P1MDIN                            main
     000000AE  G$P2MDIN$0_0$0                     main
     000000AE  _P2MDIN                            main
     000000AF  G$EA$0_0$0                         main
     000000AF  G$P3MDIN$0_0$0                     main
     000000AF  _EA                                main
     000000AF  _P3MDIN                            main
     000000B0  G$P3$0_0$0                         main
     000000B0  G$P3_0$0_0$0                       main
     000000B0  _P3                                main
     000000B0  _P3_0                              main
     000000B1  G$P3_1$0_0$0                       main
     000000B1  _P3_1                              main
     000000B2  G$P3_2$0_0$0                       main
     000000B2  _P3_2                              main
     000000B3  G$P3_3$0_0$0                       main
     000000B3  _P3_3                              main
     000000B4  G$P3_4$0_0$0                       main
     000000B4  _P3_4                              main
     000000B5  G$P3_5$0_0$0                       main
     000000B5  _P3_5                              main
     000000B6  G$P3_6$0_0$0                       main
     000000B6  _P3_6                              main
     000000B7  G$FLACL$0_0$0                      main
     000000B7  G$FLSCL$0_0$0                      main
     000000B7  G$P3_7$0_0$0                       main
     000000B7  _FLACL                             main
     000000B7  _FLSCL                             main
     000000B7  _P3_7                              main
     000000B8  G$IP$0_0$0                         main
     000000B8  G$PX0$0_0$0                        main
     000000B8  _IP                                main
     000000B8  _PX0                               main
     000000B9  G$PT0$0_0$0                        main
     000000B9  G$SADEN0$0_0$0                     main
     000000B9  _PT0                               main
     000000B9  _SADEN0                            main
     000000BA  G$AMX0CF$0_0$0                     main
     000000BA  G$AMX2CF$0_0$0                     main
     000000BA  G$PX1$0_0$0                        main
     000000BA  _AMX0CF                            main
     000000BA  _AMX2CF                            main
     000000BA  _PX1                               main
     000000BB  G$AMX0SL$0_0$0                     main
     000000BB  G$AMX2SL$0_0$0                     main
     000000BB  G$PT1$0_0$0                        main
ASxxxx Linker V03.00 + NoICE + sdld,  page 9.
Hexadecimal  [32-Bits]

Area                                    Addr        Size        Decimal Bytes (Attributes)
--------------------------------        ----        ----        ------- ----- ------------
.  .ABS.                            00000000    00000000 =           0. bytes (ABS,CON)

      Value  Global                              Global Defined In Module
      -----  --------------------------------   ------------------------
     000000BB  _AMX0SL                            main
     000000BB  _AMX2SL                            main
     000000BB  _PT1                               main
     000000BC  G$ADC0CF$0_0$0                     main
     000000BC  G$ADC2CF$0_0$0                     main
     000000BC  G$PS0$0_0$0                        main
     000000BC  _ADC0CF                            main
     000000BC  _ADC2CF                            main
     000000BC  _PS0                               main
     000000BD  G$AMX0PRT$0_0$0                    main
     000000BD  G$PT2$0_0$0                        main
     000000BD  _AMX0PRT                           main
     000000BD  _PT2                               main
     000000BE  G$ADC0L$0_0$0                      main
     000000BE  G$ADC2$0_0$0                       main
     000000BE  _ADC0L                             main
     000000BE  _ADC2                              main
     000000BF  G$ADC0H$0_0$0                      main
     000000BF  _ADC0H                             main
     000000C0  G$CAN0STA$0_0$0                    main
     000000C0  G$LEC0$0_0$0                       main
     000000C0  G$SMB0CN$0_0$0                     main
     000000C0  G$SMBTOE$0_0$0                     main
     000000C0  _CAN0STA                           main
     000000C0  _LEC0                              main
     000000C0  _SMB0CN                            main
     000000C0  _SMBTOE                            main
     000000C1  G$LEC1$0_0$0                       main
     000000C1  G$SMB0STA$0_0$0                    main
     000000C1  G$SMBFTE$0_0$0                     main
     000000C1  _LEC1                              main
     000000C1  _SMB0STA                           main
     000000C1  _SMBFTE                            main
     000000C2  G$AA$0_0$0                         main
     000000C2  G$LEC2$0_0$0                       main
     000000C2  G$SMB0DAT$0_0$0                    main
     000000C2  _AA                                main
     000000C2  _LEC2                              main
     000000C2  _SMB0DAT                           main
     000000C3  G$SI$0_0$0                         main
     000000C3  G$SMB0ADR$0_0$0                    main
     000000C3  G$TXOK$0_0$0                       main
     000000C3  _SI                                main
     000000C3  _SMB0ADR                           main
     000000C3  _TXOK                              main
     000000C4  G$ADC0GTL$0_0$0                    main
     000000C4  G$ADC2GT$0_0$0                     main
     000000C4  G$RXOK$0_0$0                       main
     000000C4  G$STO$0_0$0                        main
     000000C4  _ADC0GTL                           main
     000000C4  _ADC2GT                            main
ASxxxx Linker V03.00 + NoICE + sdld,  page 10.
Hexadecimal  [32-Bits]

Area                                    Addr        Size        Decimal Bytes (Attributes)
--------------------------------        ----        ----        ------- ----- ------------
.  .ABS.                            00000000    00000000 =           0. bytes (ABS,CON)

      Value  Global                              Global Defined In Module
      -----  --------------------------------   ------------------------
     000000C4  _RXOK                              main
     000000C4  _STO                               main
     000000C5  G$ADC0GTH$0_0$0                    main
     000000C5  G$EPASS$0_0$0                      main
     000000C5  G$STA$0_0$0                        main
     000000C5  _ADC0GTH                           main
     000000C5  _EPASS                             main
     000000C5  _STA                               main
     000000C6  G$ADC0LTL$0_0$0                    main
     000000C6  G$ADC2LT$0_0$0                     main
     000000C6  G$ENSMB$0_0$0                      main
     000000C6  G$EWARN$0_0$0                      main
     000000C6  _ADC0LTL                           main
     000000C6  _ADC2LT                            main
     000000C6  _ENSMB                             main
     000000C6  _EWARN                             main
     000000C7  G$ADC0LTH$0_0$0                    main
     000000C7  G$BOFF$0_0$0                       main
     000000C7  G$BUSY$0_0$0                       main
     000000C7  _ADC0LTH                           main
     000000C7  _BOFF                              main
     000000C7  _BUSY                              main
     000000C8  G$CPRL2$0_0$0                      main
     000000C8  G$CPRL3$0_0$0                      main
     000000C8  G$CPRL4$0_0$0                      main
     000000C8  G$P4$0_0$0                         main
     000000C8  G$P4_0$0_0$0                       main
     000000C8  G$TMR2CN$0_0$0                     main
     000000C8  G$TMR3CN$0_0$0                     main
     000000C8  G$TMR4CN$0_0$0                     main
     000000C8  _CPRL2                             main
     000000C8  _CPRL3                             main
     000000C8  _CPRL4                             main
     000000C8  _P4                                main
     000000C8  _P4_0                              main
     000000C8  _TMR2CN                            main
     000000C8  _TMR3CN                            main
     000000C8  _TMR4CN                            main
     000000C9  G$CT2$0_0$0                        main
     000000C9  G$CT3$0_0$0                        main
     000000C9  G$CT4$0_0$0                        main
     000000C9  G$P4_1$0_0$0                       main
     000000C9  G$TMR2CF$0_0$0                     main
     000000C9  G$TMR3CF$0_0$0                     main
     000000C9  G$TMR4CF$0_0$0                     main
     000000C9  _CT2                               main
     000000C9  _CT3                               main
     000000C9  _CT4                               main
     000000C9  _P4_1                              main
     000000C9  _TMR2CF                            main
     000000C9  _TMR3CF                            main
ASxxxx Linker V03.00 + NoICE + sdld,  page 11.
Hexadecimal  [32-Bits]

Area                                    Addr        Size        Decimal Bytes (Attributes)
--------------------------------        ----        ----        ------- ----- ------------
.  .ABS.                            00000000    00000000 =           0. bytes (ABS,CON)

      Value  Global                              Global Defined In Module
      -----  --------------------------------   ------------------------
     000000C9  _TMR4CF                            main
     000000CA  G$P4_2$0_0$0                       main
     000000CA  G$RCAP2L$0_0$0                     main
     000000CA  G$RCAP3L$0_0$0                     main
     000000CA  G$RCAP4L$0_0$0                     main
     000000CA  G$TR2$0_0$0                        main
     000000CA  G$TR3$0_0$0                        main
     000000CA  G$TR4$0_0$0                        main
     000000CA  _P4_2                              main
     000000CA  _RCAP2L                            main
     000000CA  _RCAP3L                            main
     000000CA  _RCAP4L                            main
     000000CA  _TR2                               main
     000000CA  _TR3                               main
     000000CA  _TR4                               main
     000000CB  G$EXEN2$0_0$0                      main
     000000CB  G$EXEN3$0_0$0                      main
     000000CB  G$EXEN4$0_0$0                      main
     000000CB  G$P4_3$0_0$0                       main
     000000CB  G$RCAP2H$0_0$0                     main
     000000CB  G$RCAP3H$0_0$0                     main
     000000CB  G$RCAP4H$0_0$0                     main
     000000CB  _EXEN2                             main
     000000CB  _EXEN3                             main
     000000CB  _EXEN4                             main
     000000CB  _P4_3                              main
     000000CB  _RCAP2H                            main
     000000CB  _RCAP3H                            main
     000000CB  _RCAP4H                            main
     000000CC  G$P4_4$0_0$0                       main
     000000CC  G$TMR2L$0_0$0                      main
     000000CC  G$TMR3L$0_0$0                      main
     000000CC  G$TMR4L$0_0$0                      main
     000000CC  _P4_4                              main
     000000CC  _TMR2L                             main
     000000CC  _TMR3L                             main
     000000CC  _TMR4L                             main
     000000CD  G$P4_5$0_0$0                       main
     000000CD  G$TMR2H$0_0$0                      main
     000000CD  G$TMR3H$0_0$0                      main
     000000CD  G$TMR4H$0_0$0                      main
     000000CD  _P4_5                              main
     000000CD  _TMR2H                             main
     000000CD  _TMR3H                             main
     000000CD  _TMR4H                             main
     000000CE  G$EXF2$0_0$0                       main
     000000CE  G$EXF3$0_0$0                       main
     000000CE  G$EXF4$0_0$0                       main
     000000CE  G$P4_6$0_0$0                       main
     000000CE  _EXF2                              main
     000000CE  _EXF3                              main
ASxxxx Linker V03.00 + NoICE + sdld,  page 12.
Hexadecimal  [32-Bits]

Area                                    Addr        Size        Decimal Bytes (Attributes)
--------------------------------        ----        ----        ------- ----- ------------
.  .ABS.                            00000000    00000000 =           0. bytes (ABS,CON)

      Value  Global                              Global Defined In Module
      -----  --------------------------------   ------------------------
     000000CE  _EXF4                              main
     000000CE  _P4_6                              main
     000000CF  G$P4_7$0_0$0                       main
     000000CF  G$SMB0CR$0_0$0                     main
     000000CF  G$TF2$0_0$0                        main
     000000CF  G$TF3$0_0$0                        main
     000000CF  G$TF4$0_0$0                        main
     000000CF  _P4_7                              main
     000000CF  _SMB0CR                            main
     000000CF  _TF2                               main
     000000CF  _TF3                               main
     000000CF  _TF4                               main
     000000D0  G$P$0_0$0                          main
     000000D0  G$PSW$0_0$0                        main
     000000D0  _P                                 main
     000000D0  _PSW                               main
     000000D1  G$F1$0_0$0                         main
     000000D1  G$REF0CN$0_0$0                     main
     000000D1  _F1                                main
     000000D1  _REF0CN                            main
     000000D2  G$DAC0L$0_0$0                      main
     000000D2  G$DAC1L$0_0$0                      main
     000000D2  G$OV$0_0$0                         main
     000000D2  _DAC0L                             main
     000000D2  _DAC1L                             main
     000000D2  _OV                                main
     000000D3  G$DAC0H$0_0$0                      main
     000000D3  G$DAC1H$0_0$0                      main
     000000D3  G$RS0$0_0$0                        main
     000000D3  _DAC0H                             main
     000000D3  _DAC1H                             main
     000000D3  _RS0                               main
     000000D4  G$DAC0CN$0_0$0                     main
     000000D4  G$DAC1CN$0_0$0                     main
     000000D4  G$RS1$0_0$0                        main
     000000D4  _DAC0CN                            main
     000000D4  _DAC1CN                            main
     000000D4  _RS1                               main
     000000D5  G$F0$0_0$0                         main
     000000D5  _F0                                main
     000000D6  G$AC$0_0$0                         main
     000000D6  G$HVA0CN$0_0$0                     main
     000000D6  _AC                                main
     000000D6  _HVA0CN                            main
     000000D7  G$CY$0_0$0                         main
     000000D7  _CY                                main
     000000D8  G$CAN0DATL$0_0$0                   main
     000000D8  G$CCF0$0_0$0                       main
     000000D8  G$P5$0_0$0                         main
     000000D8  G$P5_0$0_0$0                       main
     000000D8  G$PCA0CN$0_0$0                     main
ASxxxx Linker V03.00 + NoICE + sdld,  page 13.
Hexadecimal  [32-Bits]

Area                                    Addr        Size        Decimal Bytes (Attributes)
--------------------------------        ----        ----        ------- ----- ------------
.  .ABS.                            00000000    00000000 =           0. bytes (ABS,CON)

      Value  Global                              Global Defined In Module
      -----  --------------------------------   ------------------------
     000000D8  _CAN0DATL                          main
     000000D8  _CCF0                              main
     000000D8  _P5                                main
     000000D8  _P5_0                              main
     000000D8  _PCA0CN                            main
     000000D9  G$CAN0DATH$0_0$0                   main
     000000D9  G$CCF1$0_0$0                       main
     000000D9  G$P5_1$0_0$0                       main
     000000D9  G$PCA0MD$0_0$0                     main
     000000D9  _CAN0DATH                          main
     000000D9  _CCF1                              main
     000000D9  _P5_1                              main
     000000D9  _PCA0MD                            main
     000000DA  G$CAN0ADR$0_0$0                    main
     000000DA  G$CCF2$0_0$0                       main
     000000DA  G$P5_2$0_0$0                       main
     000000DA  G$PCA0CPM0$0_0$0                   main
     000000DA  _CAN0ADR                           main
     000000DA  _CCF2                              main
     000000DA  _P5_2                              main
     000000DA  _PCA0CPM0                          main
     000000DB  G$CAN0TST$0_0$0                    main
     000000DB  G$CCF3$0_0$0                       main
     000000DB  G$P5_3$0_0$0                       main
     000000DB  G$PCA0CPM1$0_0$0                   main
     000000DB  _CAN0TST                           main
     000000DB  _CCF3                              main
     000000DB  _P5_3                              main
     000000DB  _PCA0CPM1                          main
     000000DC  G$CCF4$0_0$0                       main
     000000DC  G$P5_4$0_0$0                       main
     000000DC  G$PCA0CPM2$0_0$0                   main
     000000DC  _CCF4                              main
     000000DC  _P5_4                              main
     000000DC  _PCA0CPM2                          main
     000000DD  G$CCF5$0_0$0                       main
     000000DD  G$P5_5$0_0$0                       main
     000000DD  G$PCA0CPM3$0_0$0                   main
     000000DD  _CCF5                              main
     000000DD  _P5_5                              main
     000000DD  _PCA0CPM3                          main
     000000DE  G$CR$0_0$0                         main
     000000DE  G$P5_6$0_0$0                       main
     000000DE  G$PCA0CPM4$0_0$0                   main
     000000DE  _CR                                main
     000000DE  _P5_6                              main
     000000DE  _PCA0CPM4                          main
     000000DF  G$CF$0_0$0                         main
     000000DF  G$P5_7$0_0$0                       main
     000000DF  G$PCA0CPM5$0_0$0                   main
     000000DF  _CF                                main
ASxxxx Linker V03.00 + NoICE + sdld,  page 14.
Hexadecimal  [32-Bits]

Area                                    Addr        Size        Decimal Bytes (Attributes)
--------------------------------        ----        ----        ------- ----- ------------
.  .ABS.                            00000000    00000000 =           0. bytes (ABS,CON)

      Value  Global                              Global Defined In Module
      -----  --------------------------------   ------------------------
     000000DF  _P5_7                              main
     000000DF  _PCA0CPM5                          main
     000000E0  G$ACC$0_0$0                        main
     000000E0  _ACC                               main
     000000E1  G$PCA0CPL5$0_0$0                   main
     000000E1  G$XBR0$0_0$0                       main
     000000E1  _PCA0CPL5                          main
     000000E1  _XBR0                              main
     000000E2  G$PCA0CPH5$0_0$0                   main
     000000E2  G$XBR1$0_0$0                       main
     000000E2  _PCA0CPH5                          main
     000000E2  _XBR1                              main
     000000E3  G$XBR2$0_0$0                       main
     000000E3  _XBR2                              main
     000000E4  G$XBR3$0_0$0                       main
     000000E4  _XBR3                              main
     000000E6  G$EIE1$0_0$0                       main
     000000E6  _EIE1                              main
     000000E7  G$EIE2$0_0$0                       main
     000000E7  _EIE2                              main
     000000E8  G$AD0LJST$0_0$0                    main
     000000E8  G$AD2WINT$0_0$0                    main
     000000E8  G$ADC0CN$0_0$0                     main
     000000E8  G$ADC2CN$0_0$0                     main
     000000E8  G$P6$0_0$0                         main
     000000E8  G$P6_0$0_0$0                       main
     000000E8  _AD0LJST                           main
     000000E8  _AD2WINT                           main
     000000E8  _ADC0CN                            main
     000000E8  _ADC2CN                            main
     000000E8  _P6                                main
     000000E8  _P6_0                              main
     000000E9  G$AD0WINT$0_0$0                    main
     000000E9  G$AD2CM0$0_0$0                     main
     000000E9  G$P6_1$0_0$0                       main
     000000E9  G$PCA0CPL2$0_0$0                   main
     000000E9  _AD0WINT                           main
     000000E9  _AD2CM0                            main
     000000E9  _P6_1                              main
     000000E9  _PCA0CPL2                          main
     000000EA  G$AD0CM0$0_0$0                     main
     000000EA  G$AD2CM1$0_0$0                     main
     000000EA  G$P6_2$0_0$0                       main
     000000EA  G$PCA0CPH2$0_0$0                   main
     000000EA  _AD0CM0                            main
     000000EA  _AD2CM1                            main
     000000EA  _P6_2                              main
     000000EA  _PCA0CPH2                          main
     000000EB  G$AD0CM1$0_0$0                     main
     000000EB  G$AD2CM2$0_0$0                     main
     000000EB  G$P6_3$0_0$0                       main
ASxxxx Linker V03.00 + NoICE + sdld,  page 15.
Hexadecimal  [32-Bits]

Area                                    Addr        Size        Decimal Bytes (Attributes)
--------------------------------        ----        ----        ------- ----- ------------
.  .ABS.                            00000000    00000000 =           0. bytes (ABS,CON)

      Value  Global                              Global Defined In Module
      -----  --------------------------------   ------------------------
     000000EB  G$PCA0CPL3$0_0$0                   main
     000000EB  _AD0CM1                            main
     000000EB  _AD2CM2                            main
     000000EB  _P6_3                              main
     000000EB  _PCA0CPL3                          main
     000000EC  G$AD0BUSY$0_0$0                    main
     000000EC  G$AD2BUSY$0_0$0                    main
     000000EC  G$P6_4$0_0$0                       main
     000000EC  G$PCA0CPH3$0_0$0                   main
     000000EC  _AD0BUSY                           main
     000000EC  _AD2BUSY                           main
     000000EC  _P6_4                              main
     000000EC  _PCA0CPH3                          main
     000000ED  G$AD0INT$0_0$0                     main
     000000ED  G$AD2INT$0_0$0                     main
     000000ED  G$P6_5$0_0$0                       main
     000000ED  G$PCA0CPL4$0_0$0                   main
     000000ED  _AD0INT                            main
     000000ED  _AD2INT                            main
     000000ED  _P6_5                              main
     000000ED  _PCA0CPL4                          main
     000000EE  G$AD0TM$0_0$0                      main
     000000EE  G$AD2TM$0_0$0                      main
     000000EE  G$P6_6$0_0$0                       main
     000000EE  G$PCA0CPH4$0_0$0                   main
     000000EE  _AD0TM                             main
     000000EE  _AD2TM                             main
     000000EE  _P6_6                              main
     000000EE  _PCA0CPH4                          main
     000000EF  G$AD0EN$0_0$0                      main
     000000EF  G$AD2EN$0_0$0                      main
     000000EF  G$P6_7$0_0$0                       main
     000000EF  G$RSTSRC$0_0$0                     main
     000000EF  _AD0EN                             main
     000000EF  _AD2EN                             main
     000000EF  _P6_7                              main
     000000EF  _RSTSRC                            main
     000000F0  G$B$0_0$0                          main
     000000F0  _B                                 main
     000000F5  _B_5                               _gptrget
     000000F6  G$EIP1$0_0$0                       main
     000000F6  _B_6                               _gptrget
     000000F6  _EIP1                              main
     000000F7  G$EIP2$0_0$0                       main
     000000F7  _B_7                               _gptrget
     000000F7  _EIP2                              main
     000000F8  G$CAN0CN$0_0$0                     main
     000000F8  G$CANINIT$0_0$0                    main
     000000F8  G$P7$0_0$0                         main
     000000F8  G$P7_0$0_0$0                       main
     000000F8  G$SPI0CN$0_0$0                     main
ASxxxx Linker V03.00 + NoICE + sdld,  page 16.
Hexadecimal  [32-Bits]

Area                                    Addr        Size        Decimal Bytes (Attributes)
--------------------------------        ----        ----        ------- ----- ------------
.  .ABS.                            00000000    00000000 =           0. bytes (ABS,CON)

      Value  Global                              Global Defined In Module
      -----  --------------------------------   ------------------------
     000000F8  G$SPIEN$0_0$0                      main
     000000F8  _CAN0CN                            main
     000000F8  _CANINIT                           main
     000000F8  _P7                                main
     000000F8  _P7_0                              main
     000000F8  _SPI0CN                            main
     000000F8  _SPIEN                             main
     000000F9  G$CANIE$0_0$0                      main
     000000F9  G$P7_1$0_0$0                       main
     000000F9  G$PCA0L$0_0$0                      main
     000000F9  G$TXBMT$0_0$0                      main
     000000F9  _CANIE                             main
     000000F9  _P7_1                              main
     000000F9  _PCA0L                             main
     000000F9  _TXBMT                             main
     000000FA  G$CANSIE$0_0$0                     main
     000000FA  G$NSSMD0$0_0$0                     main
     000000FA  G$P7_2$0_0$0                       main
     000000FA  G$PCA0H$0_0$0                      main
     000000FA  _CANSIE                            main
     000000FA  _NSSMD0                            main
     000000FA  _P7_2                              main
     000000FA  _PCA0H                             main
     000000FB  G$CANEIE$0_0$0                     main
     000000FB  G$NSSMD1$0_0$0                     main
     000000FB  G$P7_3$0_0$0                       main
     000000FB  G$PCA0CPL0$0_0$0                   main
     000000FB  _CANEIE                            main
     000000FB  _NSSMD1                            main
     000000FB  _P7_3                              main
     000000FB  _PCA0CPL0                          main
     000000FC  G$CANIF$0_0$0                      main
     000000FC  G$P7_4$0_0$0                       main
     000000FC  G$PCA0CPH0$0_0$0                   main
     000000FC  G$RXOVRN$0_0$0                     main
     000000FC  _CANIF                             main
     000000FC  _P7_4                              main
     000000FC  _PCA0CPH0                          main
     000000FC  _RXOVRN                            main
     000000FD  G$CANDAR$0_0$0                     main
     000000FD  G$MODF$0_0$0                       main
     000000FD  G$P7_5$0_0$0                       main
     000000FD  G$PCA0CPL1$0_0$0                   main
     000000FD  _CANDAR                            main
     000000FD  _MODF                              main
     000000FD  _P7_5                              main
     000000FD  _PCA0CPL1                          main
     000000FE  G$CANCCE$0_0$0                     main
     000000FE  G$P7_6$0_0$0                       main
     000000FE  G$PCA0CPH1$0_0$0                   main
     000000FE  G$WCOL$0_0$0                       main
ASxxxx Linker V03.00 + NoICE + sdld,  page 17.
Hexadecimal  [32-Bits]

Area                                    Addr        Size        Decimal Bytes (Attributes)
--------------------------------        ----        ----        ------- ----- ------------
.  .ABS.                            00000000    00000000 =           0. bytes (ABS,CON)

      Value  Global                              Global Defined In Module
      -----  --------------------------------   ------------------------
     000000FE  _CANCCE                            main
     000000FE  _P7_6                              main
     000000FE  _PCA0CPH1                          main
     000000FE  _WCOL                              main
     000000FF  G$CANTEST$0_0$0                    main
     000000FF  G$P7_7$0_0$0                       main
     000000FF  G$SPIF$0_0$0                       main
     000000FF  G$WDTCN$0_0$0                      main
     000000FF  _CANTEST                           main
     000000FF  _P7_7                              main
     000000FF  _SPIF                              main
     000000FF  _WDTCN                             main
     00008382  G$DP$0_0$0                         main
     00008382  _DP                                main
     0000BFBE  G$ADC0$0_0$0                       main
     0000BFBE  _ADC0                              main
     0000C5C4  G$ADC0GT$0_0$0                     main
     0000C5C4  _ADC0GT                            main
     0000C7C6  G$ADC0LT$0_0$0                     main
     0000C7C6  _ADC0LT                            main
     0000CBCA  G$RCAP2$0_0$0                      main
     0000CBCA  G$RCAP3$0_0$0                      main
     0000CBCA  G$RCAP4$0_0$0                      main
     0000CBCA  _RCAP2                             main
     0000CBCA  _RCAP3                             main
     0000CBCA  _RCAP4                             main
     0000CDCC  G$TMR2$0_0$0                       main
     0000CDCC  G$TMR3$0_0$0                       main
     0000CDCC  G$TMR4$0_0$0                       main
     0000CDCC  _TMR2                              main
     0000CDCC  _TMR3                              main
     0000CDCC  _TMR4                              main
     0000D3D2  G$DAC0$0_0$0                       main
     0000D3D2  G$DAC1$0_0$0                       main
     0000D3D2  _DAC0                              main
     0000D3D2  _DAC1                              main
     0000D9D8  G$CAN0DAT$0_0$0                    main
     0000D9D8  _CAN0DAT                           main
     0000E2E1  G$PCA0CP5$0_0$0                    main
     0000E2E1  _PCA0CP5                           main
     0000EAE9  G$PCA0CP2$0_0$0                    main
     0000EAE9  _PCA0CP2                           main
     0000ECEB  G$PCA0CP3$0_0$0                    main
     0000ECEB  _PCA0CP3                           main
     0000EEED  G$PCA0CP4$0_0$0                    main
     0000EEED  _PCA0CP4                           main
     0000FAF9  G$PCA0$0_0$0                       main
     0000FAF9  _PCA0                              main
     0000FCFB  G$PCA0CP0$0_0$0                    main
     0000FCFB  _PCA0CP0                           main
     0000FEFD  G$PCA0CP1$0_0$0                    main
ASxxxx Linker V03.00 + NoICE + sdld,  page 18.
Hexadecimal  [32-Bits]

Area                                    Addr        Size        Decimal Bytes (Attributes)
--------------------------------        ----        ----        ------- ----- ------------
.  .ABS.                            00000000    00000000 =           0. bytes (ABS,CON)

      Value  Global                              Global Defined In Module
      -----  --------------------------------   ------------------------
     0000FEFD  _PCA0CP1                           main
ASxxxx Linker V03.00 + NoICE + sdld,  page 19.
Hexadecimal  [32-Bits]

Area                                    Addr        Size        Decimal Bytes (Attributes)
--------------------------------        ----        ----        ------- ----- ------------
BSEG_BYTES                          00000020    00000003 =           3. bytes (REL,CON)

      Value  Global                              Global Defined In Module
      -----  --------------------------------   ------------------------
ASxxxx Linker V03.00 + NoICE + sdld,  page 20.
Hexadecimal  [32-Bits]

Area                                    Addr        Size        Decimal Bytes (Attributes)
--------------------------------        ----        ----        ------- ----- ------------
REG_BANK_0                          00000000    00000008 =           8. bytes (REL,OVR)

      Value  Global                              Global Defined In Module
      -----  --------------------------------   ------------------------
ASxxxx Linker V03.00 + NoICE + sdld,  page 21.
Hexadecimal  [32-Bits]

Area                                    Addr        Size        Decimal Bytes (Attributes)
--------------------------------        ----        ----        ------- ----- ------------
DSEG                                00000000    00000076 =         118. bytes (REL,CON)

      Value  Global                              Global Defined In Module
      -----  --------------------------------   ------------------------
     00000008  G$ID$0_0$0                         main
     00000008  _ID                                main
     00000009  G$dezena$0_0$0                     main
     00000009  _dezena                            main
     0000000A  G$unidade$0_0$0                    main
     0000000A  _unidade                           main
     0000000B  G$charCount$0_0$0                  main
     0000000B  _charCount                         main
     0000000C  G$currentPage$0_0$0                main
     0000000C  _currentPage                       main
     00000013  _bp                                _bp

ASxxxx Linker V03.00 + NoICE + sdld,  page 22.
Hexadecimal  [32-Bits]

Area                                    Addr        Size        Decimal Bytes (Attributes)
--------------------------------        ----        ----        ------- ----- ------------
OSEG                                00000014    00000002 =           2. bytes (REL,OVR)

      Value  Global                              Global Defined In Module
      -----  --------------------------------   ------------------------
     00000014  __divsint_PARM_2                   _divuint
     00000014  __divuint_PARM_2                   _divuint
     00000014  __modsint_PARM_2                   _moduint
     00000014  __moduint_PARM_2                   _moduint
     00000014  __mulint_PARM_2                    _mulint

ASxxxx Linker V03.00 + NoICE + sdld,  page 23.
Hexadecimal  [32-Bits]

Area                                    Addr        Size        Decimal Bytes (Attributes)
--------------------------------        ----        ----        ------- ----- ------------
SSEG                                00000023    000000DD =         221. bytes (REL,OVR)

      Value  Global                              Global Defined In Module
      -----  --------------------------------   ------------------------
     00000023  __start__stack                     main

ASxxxx Linker V03.00 + NoICE + sdld,  page 24.
Hexadecimal  [32-Bits]

Area                                    Addr        Size        Decimal Bytes (Attributes)
--------------------------------        ----        ----        ------- ----- ------------
HOME                                00000000    00000031 =          49. bytes (REL,CON,CODE)

      Value  Global                              Global Defined In Module
      -----  --------------------------------   ------------------------
C:   00000000  A$main$1313                        main
C:   00000003  A$main$1314                        main
C:   0000000B  A$main$1316                        main
C:   00000013  A$main$1318                        main
C:   0000001B  A$main$1320                        main
C:   00000023  A$main$1322                        main
C:   0000002B  A$main$1324                        main
C:   0000002E  A$main$1363                        main
C:   0000002E  __sdcc_program_startup             main
ASxxxx Linker V03.00 + NoICE + sdld,  page 25.
Hexadecimal  [32-Bits]

Area                                    Addr        Size        Decimal Bytes (Attributes)
--------------------------------        ----        ----        ------- ----- ------------
GSINIT0                             00000031    00000003 =           3. bytes (REL,CON,CODE)

      Value  Global                              Global Defined In Module
      -----  --------------------------------   ------------------------
C:   00000031  __sdcc_gsinit_startup              

ASxxxx Linker V03.00 + NoICE + sdld,  page 26.
Hexadecimal  [32-Bits]

Area                                    Addr        Size        Decimal Bytes (Attributes)
--------------------------------        ----        ----        ------- ----- ------------
GSINIT2                             00000034    0000000A =          10. bytes (REL,CON,CODE)

      Value  Global                              Global Defined In Module
      -----  --------------------------------   ------------------------
ASxxxx Linker V03.00 + NoICE + sdld,  page 27.
Hexadecimal  [32-Bits]

Area                                    Addr        Size        Decimal Bytes (Attributes)
--------------------------------        ----        ----        ------- ----- ------------
GSINIT3                             0000003E    00000022 =          34. bytes (REL,CON,CODE)

      Value  Global                              Global Defined In Module
      -----  --------------------------------   ------------------------
C:   0000003E  __mcs51_genXINIT                   

ASxxxx Linker V03.00 + NoICE + sdld,  page 28.
Hexadecimal  [32-Bits]

Area                                    Addr        Size        Decimal Bytes (Attributes)
--------------------------------        ----        ----        ------- ----- ------------
GSINIT4                             00000060    0000002A =          42. bytes (REL,CON,CODE)

      Value  Global                              Global Defined In Module
      -----  --------------------------------   ------------------------
C:   00000060  __mcs51_genRAMCLEAR                
C:   00000066  __mcs51_genXRAMCLEAR               

ASxxxx Linker V03.00 + NoICE + sdld,  page 29.
Hexadecimal  [32-Bits]

Area                                    Addr        Size        Decimal Bytes (Attributes)
--------------------------------        ----        ----        ------- ----- ------------
GSINIT                              0000008A    0000000B =          11. bytes (REL,CON,CODE)

      Value  Global                              Global Defined In Module
      -----  --------------------------------   ------------------------
C:   0000008A  A$main$1345                        main
C:   0000008A  C$main.c$263$1_0$45                main
C:   0000008C  A$main$1348                        main
C:   0000008C  C$main.c$168$1_0$80                main
C:   0000008F  A$main$1351                        main
C:   0000008F  C$main.c$169$1_0$80                main
C:   00000092  A$main$1354                        main
C:   00000092  C$main.c$170$1_0$80                main

ASxxxx Linker V03.00 + NoICE + sdld,  page 30.
Hexadecimal  [32-Bits]

Area                                    Addr        Size        Decimal Bytes (Attributes)
--------------------------------        ----        ----        ------- ----- ------------
GSFINAL                             00000095    00000003 =           3. bytes (REL,CON,CODE)

      Value  Global                              Global Defined In Module
      -----  --------------------------------   ------------------------
C:   00000095  A$main$1356                        main

ASxxxx Linker V03.00 + NoICE + sdld,  page 31.
Hexadecimal  [32-Bits]

Area                                    Addr        Size        Decimal Bytes (Attributes)
--------------------------------        ----        ----        ------- ----- ------------
CSEG                                00000098    00000D64 =        3428. bytes (REL,CON,CODE)

      Value  Global                              Global Defined In Module
      -----  --------------------------------   ------------------------
C:   00000098  A$main$1389                        main
C:   00000098  C$config.c$10$0_0$1                main
C:   00000098  C$config.c$12$1_0$1                main
C:   00000098  G$Reset_Sources_Init$0$0           main
C:   00000098  _Reset_Sources_Init                main
C:   0000009B  A$main$1392                        main
C:   0000009B  C$config.c$13$1_0$1                main
C:   0000009E  A$main$1397                        main
C:   0000009E  C$config.c$14$1_0$1                main
C:   0000009E  XG$Reset_Sources_Init$0$0          main
C:   0000009F  A$main$1410                        main
C:   0000009F  C$config.c$16$1_0$2                main
C:   0000009F  C$config.c$18$1_0$2                main
C:   0000009F  G$Timer_Init$0$0                   main
C:   0000009F  _Timer_Init                        main
C:   000000A2  A$main$1413                        main
C:   000000A2  C$config.c$19$1_0$2                main
C:   000000A5  A$main$1416                        main
C:   000000A5  C$config.c$20$1_0$2                main
C:   000000A8  A$main$1419                        main
C:   000000A8  C$config.c$21$1_0$2                main
C:   000000AB  A$main$1422                        main
C:   000000AB  C$config.c$22$1_0$2                main
C:   000000AE  A$main$1427                        main
C:   000000AE  C$config.c$23$1_0$2                main
C:   000000AE  XG$Timer_Init$0$0                  main
C:   000000AF  A$main$1440                        main
C:   000000AF  C$config.c$25$1_0$3                main
C:   000000AF  C$config.c$63$1_0$3                main
C:   000000AF  G$Port_IO_Init$0$0                 main
C:   000000AF  _Port_IO_Init                      main
C:   000000B2  A$main$1443                        main
C:   000000B2  C$config.c$64$1_0$3                main
C:   000000B5  A$main$1446                        main
C:   000000B5  C$config.c$65$1_0$3                main
C:   000000B8  A$main$1449                        main
C:   000000B8  C$config.c$66$1_0$3                main
C:   000000BB  A$main$1452                        main
C:   000000BB  C$config.c$67$1_0$3                main
C:   000000BE  A$main$1455                        main
C:   000000BE  C$config.c$68$1_0$3                main
C:   000000C1  A$main$1458                        main
C:   000000C1  C$config.c$69$1_0$3                main
C:   000000C4  A$main$1461                        main
C:   000000C4  C$config.c$70$1_0$3                main
C:   000000C7  A$main$1464                        main
C:   000000C7  C$config.c$71$1_0$3                main
C:   000000CA  A$main$1467                        main
C:   000000CA  C$config.c$72$1_0$3                main
C:   000000CD  A$main$1472                        main
ASxxxx Linker V03.00 + NoICE + sdld,  page 32.
Hexadecimal  [32-Bits]

Area                                    Addr        Size        Decimal Bytes (Attributes)
--------------------------------        ----        ----        ------- ----- ------------
CSEG                                00000098    00000D64 =        3428. bytes (REL,CON,CODE)

      Value  Global                              Global Defined In Module
      -----  --------------------------------   ------------------------
C:   000000CD  C$config.c$73$1_0$3                main
C:   000000CD  XG$Port_IO_Init$0$0                main
C:   000000CE  A$main$1487                        main
C:   000000CE  C$config.c$75$1_0$4                main
C:   000000CE  C$config.c$78$1_0$4                main
C:   000000CE  G$Oscillator_Init$0$0              main
C:   000000CE  _Oscillator_Init                   main
C:   000000D1  A$main$1490                        main
C:   000000D1  C$config.c$79$1_0$4                main
C:   000000D4  A$main$1493                        main
C:   000000D4  C$config.c$80$2_0$5                main
C:   000000D6  A$main$1494                        main
C:   000000D8  A$main$1496                        main
C:   000000D9  A$main$1497                        main
C:   000000DB  A$main$1498                        main
C:   000000DC  A$main$1499                        main
C:   000000DD  A$main$1500                        main
C:   000000DF  A$main$1501                        main
C:   000000E0  A$main$1502                        main
C:   000000E2  A$main$1503                        main
C:   000000E4  A$main$1504                        main
C:   000000E5  A$main$1505                        main
C:   000000E6  A$main$1506                        main
C:   000000E8  A$main$1510                        main
C:   000000E8  C$config.c$81$1_0$4                main
C:   000000EA  A$main$1511                        main
C:   000000ED  A$main$1514                        main
C:   000000ED  C$config.c$82$1_0$4                main
C:   000000F0  A$main$1519                        main
C:   000000F0  C$config.c$83$1_0$4                main
C:   000000F0  XG$Oscillator_Init$0$0             main
C:   000000F1  A$main$1532                        main
C:   000000F1  C$config.c$85$1_0$6                main
C:   000000F1  C$config.c$87$1_0$6                main
C:   000000F1  G$Interrupts_Init$0$0              main
C:   000000F1  _Interrupts_Init                   main
C:   000000F4  A$main$1537                        main
C:   000000F4  C$config.c$88$1_0$6                main
C:   000000F4  XG$Interrupts_Init$0$0             main
C:   000000F5  A$main$1550                        main
C:   000000F5  C$config.c$92$1_0$8                main
C:   000000F5  C$config.c$94$1_0$8                main
C:   000000F5  G$Init_Device$0$0                  main
C:   000000F5  _Init_Device                       main
C:   000000F8  A$main$1553                        main
C:   000000F8  C$config.c$95$1_0$8                main
C:   000000FB  A$main$1556                        main
C:   000000FB  C$config.c$96$1_0$8                main
C:   000000FE  A$main$1559                        main
C:   000000FE  C$config.c$97$1_0$8                main
C:   00000101  A$main$1562                        main
ASxxxx Linker V03.00 + NoICE + sdld,  page 33.
Hexadecimal  [32-Bits]

Area                                    Addr        Size        Decimal Bytes (Attributes)
--------------------------------        ----        ----        ------- ----- ------------
CSEG                                00000098    00000D64 =        3428. bytes (REL,CON,CODE)

      Value  Global                              Global Defined In Module
      -----  --------------------------------   ------------------------
C:   00000101  C$config.c$98$1_0$8                main
C:   00000104  A$main$1567                        main
C:   00000104  C$config.c$99$1_0$8                main
C:   00000104  XG$Init_Device$0$0                 main
C:   00000105  A$main$1582                        main
C:   00000105  C$main.c$191$1_0$35                main
C:   00000105  C$main.c$193$1_0$35                main
C:   00000105  G$main$0$0                         main
C:   00000105  _main                              main
C:   00000108  A$main$1585                        main
C:   00000108  C$main.c$194$1_0$35                main
C:   0000010B  A$main$1588                        main
C:   0000010B  C$main.c$196$1_0$35                main
C:   0000010E  A$main$1591                        main
C:   0000010E  C$main.c$197$1_0$35                main
C:   00000111  A$main$1595                        main
C:   00000111  C$main.c$198$1_0$35                main
C:   00000113  A$main$1596                        main
C:   00000116  A$main$1600                        main
C:   00000116  C$main.c$199$1_0$35                main
C:   00000118  A$main$1601                        main
C:   0000011B  A$main$1604                        main
C:   0000011B  C$main.c$202$1_0$35                main
C:   0000011D  A$main$1605                        main
C:   0000011F  A$main$1606                        main
C:   00000120  A$main$1607                        main
C:   00000122  A$main$1608                        main
C:   00000124  A$main$1609                        main
C:   00000126  A$main$1610                        main
C:   00000128  A$main$1611                        main
C:   0000012A  A$main$1612                        main
C:   0000012D  A$main$1613                        main
C:   0000012F  A$main$1614                        main
C:   00000131  A$main$1615                        main
C:   00000133  A$main$1618                        main
C:   00000133  C$main.c$204$1_0$35                main
C:   00000135  A$main$1619                        main
C:   00000137  A$main$1623                        main
C:   00000137  C$main.c$205$3_0$37                main
C:   00000139  A$main$1624                        main
C:   0000013B  A$main$1625                        main
C:   0000013D  A$main$1626                        main
C:   0000013F  A$main$1627                        main
C:   00000141  A$main$1628                        main
C:   00000143  A$main$1629                        main
C:   00000145  A$main$1630                        main
C:   00000147  A$main$1631                        main
C:   0000014A  A$main$1632                        main
C:   0000014C  A$main$1633                        main
C:   0000014E  A$main$1634                        main
C:   00000150  A$main$1637                        main
ASxxxx Linker V03.00 + NoICE + sdld,  page 34.
Hexadecimal  [32-Bits]

Area                                    Addr        Size        Decimal Bytes (Attributes)
--------------------------------        ----        ----        ------- ----- ------------
CSEG                                00000098    00000D64 =        3428. bytes (REL,CON,CODE)

      Value  Global                              Global Defined In Module
      -----  --------------------------------   ------------------------
C:   00000150  C$main.c$206$3_0$37                main
C:   00000153  A$main$1638                        main
C:   00000156  A$main$1639                        main
C:   00000158  A$main$1640                        main
C:   0000015A  A$main$1643                        main
C:   0000015A  C$main.c$204$2_0$36                main
C:   0000015B  A$main$1644                        main
C:   0000015E  A$main$1645                        main
C:   0000015F  A$main$1647                        main
C:   00000160  A$main$1648                        main
C:   00000161  A$main$1649                        main
C:   00000163  A$main$1650                        main
C:   00000164  A$main$1651                        main
C:   00000166  A$main$1652                        main
C:   00000168  A$main$1653                        main
C:   0000016A  A$main$1656                        main
C:   0000016A  C$main.c$209$1_0$35                main
C:   0000016C  A$main$1657                        main
C:   0000016E  A$main$1658                        main
C:   00000170  A$main$1659                        main
C:   00000172  A$main$1660                        main
C:   00000175  A$main$1661                        main
C:   00000177  A$main$1662                        main
C:   00000179  A$main$1665                        main
C:   00000179  C$main.c$210$1_0$35                main
C:   0000017B  A$main$1666                        main
C:   0000017D  A$main$1667                        main
C:   0000017F  A$main$1668                        main
C:   00000181  A$main$1669                        main
C:   00000184  A$main$1670                        main
C:   00000186  A$main$1671                        main
C:   00000188  A$main$1674                        main
C:   00000188  C$main.c$212$1_0$35                main
C:   0000018A  A$main$1675                        main
C:   0000018C  A$main$1676                        main
C:   0000018E  A$main$1677                        main
C:   00000190  A$main$1678                        main
C:   00000193  A$main$1679                        main
C:   00000195  A$main$1680                        main
C:   00000197  A$main$1683                        main
C:   00000197  C$main.c$213$1_0$35                main
C:   00000199  A$main$1684                        main
C:   0000019B  A$main$1685                        main
C:   0000019D  A$main$1686                        main
C:   0000019F  A$main$1687                        main
C:   000001A2  A$main$1688                        main
C:   000001A4  A$main$1689                        main
C:   000001A6  A$main$1692                        main
C:   000001A6  C$main.c$214$1_0$35                main
C:   000001A8  A$main$1693                        main
C:   000001AA  A$main$1694                        main
ASxxxx Linker V03.00 + NoICE + sdld,  page 35.
Hexadecimal  [32-Bits]

Area                                    Addr        Size        Decimal Bytes (Attributes)
--------------------------------        ----        ----        ------- ----- ------------
CSEG                                00000098    00000D64 =        3428. bytes (REL,CON,CODE)

      Value  Global                              Global Defined In Module
      -----  --------------------------------   ------------------------
C:   000001AC  A$main$1695                        main
C:   000001AE  A$main$1696                        main
C:   000001B1  A$main$1697                        main
C:   000001B3  A$main$1698                        main
C:   000001B5  A$main$1701                        main
C:   000001B5  C$main.c$215$1_0$35                main
C:   000001B7  A$main$1702                        main
C:   000001B9  A$main$1703                        main
C:   000001BB  A$main$1704                        main
C:   000001BD  A$main$1705                        main
C:   000001C0  A$main$1706                        main
C:   000001C2  A$main$1707                        main
C:   000001C4  A$main$1710                        main
C:   000001C4  C$main.c$216$1_0$35                main
C:   000001C6  A$main$1711                        main
C:   000001C8  A$main$1712                        main
C:   000001CA  A$main$1713                        main
C:   000001CC  A$main$1714                        main
C:   000001CF  A$main$1715                        main
C:   000001D1  A$main$1716                        main
C:   000001D3  A$main$1719                        main
C:   000001D3  C$main.c$217$1_0$35                main
C:   000001D5  A$main$1720                        main
C:   000001D7  A$main$1721                        main
C:   000001D9  A$main$1722                        main
C:   000001DB  A$main$1723                        main
C:   000001DE  A$main$1724                        main
C:   000001E0  A$main$1725                        main
C:   000001E2  A$main$1728                        main
C:   000001E2  C$main.c$218$1_0$35                main
C:   000001E4  A$main$1729                        main
C:   000001E6  A$main$1730                        main
C:   000001E8  A$main$1731                        main
C:   000001EA  A$main$1732                        main
C:   000001ED  A$main$1733                        main
C:   000001EF  A$main$1734                        main
C:   000001F1  A$main$1737                        main
C:   000001F1  C$main.c$219$1_0$35                main
C:   000001F3  A$main$1738                        main
C:   000001F5  A$main$1739                        main
C:   000001F7  A$main$1740                        main
C:   000001F9  A$main$1741                        main
C:   000001FC  A$main$1742                        main
C:   000001FE  A$main$1743                        main
C:   00000200  A$main$1746                        main
C:   00000200  C$main.c$221$1_0$35                main
C:   00000203  A$main$1751                        main
C:   00000203  C$main.c$222$1_0$35                main
C:   00000203  XG$main$0$0                        main
C:   00000204  A$main$1764                        main
C:   00000204  C$main.c$225$1_0$39                main
ASxxxx Linker V03.00 + NoICE + sdld,  page 36.
Hexadecimal  [32-Bits]

Area                                    Addr        Size        Decimal Bytes (Attributes)
--------------------------------        ----        ----        ------- ----- ------------
CSEG                                00000098    00000D64 =        3428. bytes (REL,CON,CODE)

      Value  Global                              Global Defined In Module
      -----  --------------------------------   ------------------------
C:   00000204  G$delay_ms$0$0                     main
C:   00000204  _delay_ms                          main
C:   00000206  A$main$1765                        main
C:   00000208  A$main$1768                        main
C:   00000208  C$main.c$227$1_0$39                main
C:   0000020B  A$main$1771                        main
C:   0000020B  C$main.c$228$1_0$39                main
C:   0000020E  A$main$1775                        main
C:   0000020E  C$main.c$229$1_0$39                main
C:   0000020F  A$main$1776                        main
C:   00000210  A$main$1777                        main
C:   00000212  A$main$1781                        main
C:   00000212  C$main.c$231$2_0$40                main
C:   00000214  A$main$1785                        main
C:   00000214  C$main.c$232$2_0$40                main
[...]
C:   00000676  A$main$2996                        main
C:   00000679  A$main$2998                        main
C:   0000067A  A$main$2999                        main
C:   0000067C  A$main$3000                        main
C:   0000067D  A$main$3001                        main
C:   0000067F  A$main$3002                        main
C:   00000680  A$main$3003                        main
C:   00000682  A$main$3004                        main
C:   00000683  A$main$3005                        main
C:   00000685  A$main$3006                        main
C:   00000686  A$main$3007                        main
C:   000006A3  A$main$3043                        main
C:   000006A3  C$main.c$532$2_0$81                main
C:   000006A3  C$main.c$533$2_0$81                main
ASxxxx Linker V03.00 + NoICE + sdld,  page 52.
Hexadecimal  [32-Bits]

Area                                    Addr        Size        Decimal Bytes (Attributes)
--------------------------------        ----        ----        ------- ----- ------------
CSEG                                00000098    00000D64 =        3428. bytes (REL,CON,CODE)

      Value  Global                              Global Defined In Module
      -----  --------------------------------   ------------------------
C:   000006A6  A$main$3046                        main
C:   000006A6  C$main.c$534$2_0$81                main
C:   000006A9  A$main$3052                        main
C:   000006A9  C$main.c$536$2_0$81                main
C:   000006A9  C$main.c$537$2_0$81                main
C:   000006AC  A$main$3055                        main
C:   000006AC  C$main.c$538$2_0$81                main
C:   000006AF  A$main$3061                        main
C:   000006AF  C$main.c$540$2_0$81                main
C:   000006AF  C$main.c$541$2_0$81                main
C:   000006B2  A$main$3065                        main
C:   000006B2  C$main.c$542$2_0$81                main
C:   000006B4  A$main$3067                        main
C:   000006B6  A$main$3068                        main
C:   000006B9  A$main$3069                        main
C:   000006BB  A$main$3070                        main
C:   000006BD  A$main$3071                        main
C:   000006C0  A$main$3072                        main
C:   000006C2  A$main$3073                        main
C:   000006C4  A$main$3076                        main
C:   000006C4  C$main.c$543$2_0$81                main
C:   000006C7  A$main$3082                        main
C:   000006C7  C$main.c$545$2_0$81                main
C:   000006C7  C$main.c$546$2_0$81                main
C:   000006CA  A$main$3086                        main
C:   000006CA  C$main.c$547$2_0$81                main
C:   000006CC  A$main$3088                        main
C:   000006CE  A$main$3089                        main
C:   000006D1  A$main$3090                        main
C:   000006D3  A$main$3091                        main
C:   000006D5  A$main$3092                        main
C:   000006D8  A$main$3093                        main
C:   000006DA  A$main$3094                        main
C:   000006DC  A$main$3097                        main
C:   000006DC  C$main.c$548$2_0$81                main
C:   000006DF  A$main$3103                        main
C:   000006DF  C$main.c$550$2_0$81                main
C:   000006DF  C$main.c$551$2_0$81                main
C:   000006E2  A$main$3106                        main
C:   000006E2  C$main.c$552$2_0$81                main
C:   000006E5  A$main$3110                        main
C:   000006E5  C$main.c$553$2_0$81                main
C:   000006E7  A$main$3111                        main
C:   000006EA  A$main$3112                        main
C:   000006EC  A$main$3113                        main
C:   000006EE  A$main$3114                        main
C:   000006F1  A$main$3115                        main
C:   000006F3  A$main$3116                        main
C:   000006F5  A$main$3119                        main
C:   000006F5  C$main.c$554$2_0$81                main
C:   000006F8  A$main$3125                        main
ASxxxx Linker V03.00 + NoICE + sdld,  page 53.
Hexadecimal  [32-Bits]

Area                                    Addr        Size        Decimal Bytes (Attributes)
--------------------------------        ----        ----        ------- ----- ------------
CSEG                                00000098    00000D64 =        3428. bytes (REL,CON,CODE)

      Value  Global                              Global Defined In Module
      -----  --------------------------------   ------------------------
C:   000006F8  C$main.c$556$2_0$81                main
C:   000006F8  C$main.c$557$2_0$81                main
C:   000006FB  A$main$3128                        main
C:   000006FB  C$main.c$558$2_0$81                main
C:   000006FE  A$main$3132                        main
C:   000006FE  C$main.c$559$2_0$81                main
C:   00000700  A$main$3133                        main
C:   00000703  A$main$3134                        main
C:   00000705  A$main$3135                        main
C:   00000707  A$main$3136                        main
C:   0000070A  A$main$3137                        main
C:   0000070C  A$main$3138                        main
C:   0000070E  A$main$3141                        main
C:   0000070E  C$main.c$560$2_0$81                main
C:   00000711  A$main$3147                        main
C:   00000711  C$main.c$562$2_0$81                main
C:   00000711  C$main.c$563$2_0$81                main
C:   00000714  A$main$3150                        main
C:   00000714  C$main.c$564$2_0$81                main
C:   00000717  A$main$3154                        main
C:   00000717  C$main.c$565$2_0$81                main
C:   00000719  A$main$3155                        main
C:   0000071C  A$main$3156                        main
C:   0000071E  A$main$3157                        main
C:   00000720  A$main$3158                        main
C:   00000723  A$main$3159                        main
C:   00000725  A$main$3160                        main
C:   00000727  A$main$3165                        main
C:   00000727  C$main.c$566$2_0$81                main
C:   00000727  C$main.c$568$2_0$81                main
C:   00000729  A$main$3169                        main
C:   00000729  C$main.c$569$2_0$81                main
C:   0000072C  A$main$3172                        main
C:   0000072C  C$main.c$570$2_0$81                main
C:   0000072F  A$main$3176                        main
C:   0000072F  C$main.c$571$2_0$81                main
C:   00000731  A$main$3177                        main
C:   00000734  A$main$3178                        main
C:   00000736  A$main$3179                        main
C:   00000738  A$main$3180                        main
C:   0000073B  A$main$3181                        main
C:   0000073D  A$main$3182                        main
C:   0000073F  A$main$3187                        main
C:   0000073F  C$main.c$572$2_0$81                main
C:   0000073F  C$main.c$574$2_0$81                main
C:   00000741  A$main$3191                        main
C:   00000741  C$main.c$575$2_0$81                main
C:   00000744  A$main$3194                        main
C:   00000744  C$main.c$576$2_0$81                main
C:   00000747  A$main$3198                        main
C:   00000747  C$main.c$577$2_0$81                main
ASxxxx Linker V03.00 + NoICE + sdld,  page 54.
Hexadecimal  [32-Bits]

Area                                    Addr        Size        Decimal Bytes (Attributes)
--------------------------------        ----        ----        ------- ----- ------------
CSEG                                00000098    00000D64 =        3428. bytes (REL,CON,CODE)

      Value  Global                              Global Defined In Module
      -----  --------------------------------   ------------------------
C:   00000749  A$main$3199                        main
C:   0000074C  A$main$3200                        main
C:   0000074E  A$main$3201                        main
C:   00000750  A$main$3202                        main
C:   00000753  A$main$3203                        main
C:   00000755  A$main$3204                        main
C:   00000757  A$main$3209                        main
C:   00000757  C$main.c$578$2_0$81                main
C:   00000757  C$main.c$580$2_0$81                main
C:   00000759  A$main$3213                        main
C:   00000759  C$main.c$581$2_0$81                main
C:   0000075C  A$main$3216                        main
C:   0000075C  C$main.c$582$2_0$81                main
C:   0000075F  A$main$3220                        main
C:   0000075F  C$main.c$583$2_0$81                main
C:   00000761  A$main$3221                        main
C:   00000764  A$main$3222                        main
C:   00000766  A$main$3223                        main
C:   00000768  A$main$3224                        main
C:   0000076B  A$main$3225                        main
C:   0000076D  A$main$3226                        main
C:   0000076F  A$main$3231                        main
C:   0000076F  C$main.c$584$2_0$81                main
C:   0000076F  C$main.c$586$2_0$81                main
C:   00000771  A$main$3235                        main
C:   00000771  C$main.c$587$2_0$81                main
C:   00000774  A$main$3238                        main
C:   00000774  C$main.c$588$2_0$81                main
C:   00000777  A$main$3242                        main
C:   00000777  C$main.c$589$2_0$81                main
C:   00000779  A$main$3243                        main
C:   0000077C  A$main$3244                        main
C:   0000077E  A$main$3245                        main
C:   00000780  A$main$3246                        main
C:   00000783  A$main$3247                        main
C:   00000785  A$main$3248                        main
C:   00000787  A$main$3253                        main
C:   00000787  C$main.c$590$2_0$81                main
C:   00000787  C$main.c$592$2_0$81                main
C:   00000789  A$main$3257                        main
C:   00000789  C$main.c$593$2_0$81                main
C:   0000078C  A$main$3260                        main
C:   0000078C  C$main.c$594$2_0$81                main
C:   0000078F  A$main$3264                        main
C:   0000078F  C$main.c$595$2_0$81                main
C:   00000791  A$main$3265                        main
C:   00000794  A$main$3266                        main
C:   00000796  A$main$3267                        main
C:   00000798  A$main$3268                        main
C:   0000079B  A$main$3269                        main
C:   0000079D  A$main$3270                        main
ASxxxx Linker V03.00 + NoICE + sdld,  page 55.
Hexadecimal  [32-Bits]

Area                                    Addr        Size        Decimal Bytes (Attributes)
--------------------------------        ----        ----        ------- ----- ------------
CSEG                                00000098    00000D64 =        3428. bytes (REL,CON,CODE)

      Value  Global                              Global Defined In Module
      -----  --------------------------------   ------------------------
C:   0000079F  A$main$3276                        main
C:   0000079F  C$main.c$599$1_0$80                main
C:   0000079F  C$main.c$602$1_0$80                main
C:   000007A1  A$main$3277                        main
C:   000007A3  A$main$3278                        main
C:   000007A5  A$main$3279                        main
C:   000007A7  A$main$3280                        main
C:   000007AA  A$main$3281                        main
C:   000007AB  A$main$3282                        main
C:   000007AE  A$main$3283                        main
C:   000007AF  A$main$3285                        main
C:   000007B2  A$main$3286                        main
C:   000007B5  A$main$3287                        main
C:   000007B8  A$main$3288                        main
C:   000007BB  A$main$3294                        main
C:   000007BB  C$main.c$604$2_0$82                main
C:   000007BB  C$main.c$605$2_0$82                main
C:   000007BD  A$main$3295                        main
C:   000007BF  A$main$3296                        main
C:   000007C1  A$main$3297                        main
C:   000007C4  A$main$3300                        main
C:   000007C4  C$main.c$606$2_0$82                main
C:   000007C7  A$main$3301                        main
C:   000007CA  A$main$3302                        main
C:   000007CC  A$main$3303                        main
C:   000007CE  A$main$3308                        main
C:   000007CE  C$main.c$607$2_0$82                main
C:   000007CE  C$main.c$609$2_0$82                main
C:   000007D0  A$main$3312                        main
C:   000007D0  C$main.c$610$2_0$82                main
C:   000007D2  A$main$3313                        main
C:   000007D4  A$main$3314                        main
C:   000007D6  A$main$3315                        main
C:   000007D9  A$main$3316                        main
C:   000007DB  A$main$3317                        main
C:   000007DD  A$main$3322                        main
C:   000007DD  C$main.c$611$2_0$82                main
C:   000007DD  C$main.c$613$2_0$82                main
C:   000007DF  A$main$3326                        main
C:   000007DF  C$main.c$614$2_0$82                main
C:   000007E1  A$main$3328                        main
C:   000007E3  A$main$3330                        main
C:   000007E5  A$main$3331                        main
C:   000007E7  A$main$3332                        main
C:   000007E9  A$main$3333                        main
C:   000007EC  A$main$3334                        main
C:   000007EE  A$main$3335                        main
C:   000007F0  A$main$3340                        main
C:   000007F0  C$main.c$615$2_0$82                main
C:   000007F0  C$main.c$617$2_0$82                main
C:   000007F2  A$main$3344                        main
ASxxxx Linker V03.00 + NoICE + sdld,  page 56.
Hexadecimal  [32-Bits]

Area                                    Addr        Size        Decimal Bytes (Attributes)
--------------------------------        ----        ----        ------- ----- ------------
CSEG                                00000098    00000D64 =        3428. bytes (REL,CON,CODE)

      Value  Global                              Global Defined In Module
      -----  --------------------------------   ------------------------
C:   000007F2  C$main.c$618$2_0$82                main
C:   000007F4  A$main$3346                        main
C:   000007F6  A$main$3348                        main
C:   000007F8  A$main$3349                        main
C:   000007FA  A$main$3350                        main
C:   000007FC  A$main$3351                        main
C:   000007FF  A$main$3352                        main
C:   00000801  A$main$3353                        main
C:   00000803  A$main$3358                        main
C:   00000803  C$main.c$619$2_0$82                main
C:   00000803  C$main.c$621$2_0$82                main
C:   00000805  A$main$3362                        main
C:   00000805  C$main.c$622$2_0$82                main
C:   00000807  A$main$3363                        main
C:   00000809  A$main$3364                        main
C:   0000080B  A$main$3365                        main
C:   0000080E  A$main$3366                        main
C:   00000810  A$main$3367                        main
C:   00000812  A$main$3373                        main
C:   00000812  C$main.c$624$1_0$80                main
C:   00000812  C$main.c$626$1_0$80                main
C:   00000814  A$main$3374                        main
C:   00000816  A$main$3379                        main
C:   00000816  C$main.c$628$1_0$80                main
C:   00000816  XG$putchar$0$0                     main
C:   00000817  Fmain$__str_1$0_0$0                main
C:   00000817  Fmain$__str_10$0_0$0               main
C:   00000817  Fmain$__str_11$0_0$0               main
C:   00000817  Fmain$__str_2$0_0$0                main
C:   00000817  Fmain$__str_3$0_0$0                main
C:   00000817  Fmain$__str_4$0_0$0                main
C:   00000817  Fmain$__str_5$0_0$0                main
C:   00000817  Fmain$__str_6$0_0$0                main
C:   00000817  Fmain$__str_7$0_0$0                main
C:   00000817  Fmain$__str_8$0_0$0                main
C:   00000817  Fmain$__str_9$0_0$0                main
C:   00000817  _printf_fast_f                     printf_fast_f
C:   00000C98  fs_rshift_a                        _fsrshift
C:   00000CDB  __mulint                           _mulint
C:   00000CDB  __mulint_dummy                     _mulint
C:   00000CF8  __moduint                          _moduint
C:   00000D45  __divuint                          _divuint
C:   00000D6E  __gptrget                          _gptrget
C:   00000D8A  __modsint                          _modsint
C:   00000DC0  __divsint                          _divsint
C:   00000DF8  __sdcc_external_startup            _startup
ASxxxx Linker V03.00 + NoICE + sdld,  page 57.
Hexadecimal  [32-Bits]

Area                                    Addr        Size        Decimal Bytes (Attributes)
--------------------------------        ----        ----        ------- ----- ------------
CONST                               00000DFC    000004E9 =        1257. bytes (REL,CON,CODE)

      Value  Global                              Global Defined In Module
      -----  --------------------------------   ------------------------
C:   00000DFC  G$fonte$0_0$0                      main
C:   00000DFC  _fonte                             main
C:   00000FDC  G$charac$0_0$0                     main
C:   00000FDC  _charac                            main
C:   0000108C  G$segmentos$0_0$0                  main
C:   0000108C  _segmentos                         main
C:   00001099  Fmain$__str_0$0_0$0                main

ASxxxx Linker V03.00 + NoICE + sdld,  page 58.

Files Linked                              [ module(s) ]

C:\Users\Lucas\Documents\micap\p1\main.rel
                                          [  ]


Libraries Linked                          [ object file ]

C:\Program Files\SDCC\bin\..\lib\small/libsdcc.lib
                                          [ printf_fast_f.rel ]
C:\Program Files\SDCC\bin\..\lib\small/mcs51.lib
                                          [ crtclear.rel ]
C:\Program Files\SDCC\bin\..\lib\small/libfloat.lib
                                          [ _fsrshift.rel ]
C:\Program Files\SDCC\bin\..\lib\small/mcs51.lib
                                          [ crtxinit.rel ]
C:\Program Files\SDCC\bin\..\lib\small/libint.lib
                                          [ _mulint.rel ]
C:\Program Files\SDCC\bin\..\lib\small/libint.lib
                                          [ _moduint.rel ]
C:\Program Files\SDCC\bin\..\lib\small/mcs51.lib
                                          [ crtxclear.rel ]
C:\Program Files\SDCC\bin\..\lib\small/libint.lib
                                          [ _divuint.rel ]
C:\Program Files\SDCC\bin\..\lib\small/libsdcc.lib
                                          [ _bp.rel ]
C:\Program Files\SDCC\bin\..\lib\small/mcs51.lib
                                          [ crtpagesfr.rel ]
C:\Program Files\SDCC\bin\..\lib\small/mcs51.lib
                                          [ crtstart.rel ]
C:\Program Files\SDCC\bin\..\lib\small/libsdcc.lib
                                          [ _gptrget.rel ]
C:\Program Files\SDCC\bin\..\lib\small/libint.lib
                                          [ _modsint.rel ]
C:\Program Files\SDCC\bin\..\lib\small/libint.lib
                                          [ _divsint.rel ]
C:\Program Files\SDCC\bin\..\lib\small/libsdcc.lib
                                          [ _startup.rel ]

ASxxxx Linker V03.00 + NoICE + sdld,  page 59.

User Base Address Definitions

HOME = 0x0000
XSEG = 0x0001
PSEG = 0x0001
ISEG = 0x0000
BSEG = 0x0000

