ASxxxx Linker V03.00 + NoICE + sdld,  page 1.
Hexadecimal  [32-Bits]

Area                                    Addr        Size        Decimal Bytes (Attributes)
--------------------------------        ----        ----        ------- ----- ------------
CABS                                00000000    00000000 =           0. bytes (ABS,CON,CODE)

      Value  Global                              Global Defined In Module
      -----  --------------------------------   ------------------------
C:   00000000  l_CABS                          
C:   00000000  l_GSINIT1                       
C:   00000000  l_GSINIT5                       
C:   00000000  l_IABS                          
C:   00000000  l_PSEG                          
C:   00000000  l_REG_BANK_1                    
C:   00000000  l_REG_BANK_2                    
C:   00000000  l_REG_BANK_3                    
C:   00000000  l_RSEG                          
C:   00000000  l_RSEG0                         
C:   00000000  l_RSEG1                         
C:   00000000  l_XABS                          
C:   00000000  l_XINIT                         
C:   00000000  l_XISEG                         
C:   00000000  l_XSEG                          
C:   00000000  l__CODE                         
C:   00000000  s_BSEG                          
C:   00000000  s_CABS                          
C:   00000000  s_DSEG                          
C:   00000000  s_HOME                          
C:   00000000  s_IABS                          
C:   00000000  s_REG_BANK_0                    
C:   00000000  s_RSEG                          
C:   00000000  s_RSEG0                         
C:   00000000  s_RSEG1                         
C:   00000000  s_XABS                          
C:   00000001  l_BIT_BANK                      
C:   00000001  s_PSEG                          
C:   00000001  s_XISEG                         
C:   00000001  s_XSEG                          
C:   00000003  l_BSEG_BYTES                    
C:   00000003  l_GSFINAL                       
C:   00000003  l_GSINIT0                       
C:   00000006  l_ISEG                          
C:   00000006  l_OSEG                          
C:   00000008  l_REG_BANK_0                    
C:   00000008  s_REG_BANK_1                    
C:   0000000A  l_GSINIT2                       
C:   0000000C  l_GSINIT                        
C:   00000010  s_REG_BANK_2                    
C:   00000012  l_BSEG                          
C:   00000016  s_OSEG                          
C:   00000018  s_REG_BANK_3                    
C:   00000020  s_BSEG_BYTES                    
C:   00000020  s__CODE                         
C:   00000022  l_GSINIT3                       
C:   00000023  s_BIT_BANK                      
C:   0000002A  l_GSINIT4                       
C:   00000031  l_HOME                          
C:   00000031  s_GSINIT0                       
ASxxxx Linker V03.00 + NoICE + sdld,  page 2.
Hexadecimal  [32-Bits]

Area                                    Addr        Size        Decimal Bytes (Attributes)
--------------------------------        ----        ----        ------- ----- ------------
CABS                                00000000    00000000 =           0. bytes (ABS,CON,CODE)

      Value  Global                              Global Defined In Module
      -----  --------------------------------   ------------------------
C:   00000034  s_GSINIT1                       
C:   00000034  s_GSINIT2                       
C:   0000003E  s_GSINIT3                       
C:   0000003E  s_ISEG                          
C:   00000044  s_SSEG                          
C:   00000060  s_GSINIT4                       
C:   0000007C  l_DSEG                          
C:   0000008A  s_GSINIT                        
C:   0000008A  s_GSINIT5                       
C:   00000096  s_GSFINAL                       
C:   00000099  s_CSEG                          
C:   000000BC  l_SSEG                          
C:   00000100  l_IRAM                          
C:   000003C1  l_CONST                         
C:   0000163E  l_CSEG                          
C:   000016D7  s_CONST                         
C:   00001A98  s_XINIT                         

ASxxxx Linker V03.00 + NoICE + sdld,  page 3.
Hexadecimal  [32-Bits]

Area                                    Addr        Size        Decimal Bytes (Attributes)
--------------------------------        ----        ----        ------- ----- ------------
.  .ABS.                            00000000    00000000 =           0. bytes (ABS,CON)

      Value  Global                              Global Defined In Module
      -----  --------------------------------   ------------------------
     00000000  .__.ABS.                           _startup
     00000080  G$P0$0$0                           p3main
     00000080  G$P0_0$0$0                         p3main
     00000080  _P0                                p3main
     00000080  _P0_0                              p3main
     00000081  G$P0_1$0$0                         p3main
     00000081  G$SP$0$0                           p3main
     00000081  _P0_1                              p3main
     00000081  _SP                                p3main
     00000082  G$DPL$0$0                          p3main
     00000082  G$P0_2$0$0                         p3main
     00000082  _DPL                               p3main
     00000082  _P0_2                              p3main
     00000083  G$DPH$0$0                          p3main
     00000083  G$P0_3$0$0                         p3main
     00000083  _DPH                               p3main
     00000083  _P0_3                              p3main
     00000084  G$P0_4$0$0                         p3main
     00000084  G$SFRPAGE$0$0                      p3main
     00000084  _P0_4                              p3main
     00000084  _SFRPAGE                           p3main
     00000085  G$P0_5$0$0                         p3main
     00000085  G$SFRNEXT$0$0                      p3main
     00000085  _P0_5                              p3main
     00000085  _SFRNEXT                           p3main
     00000086  G$P0_6$0$0                         p3main
     00000086  G$SFRLAST$0$0                      p3main
     00000086  _P0_6                              p3main
     00000086  _SFRLAST                           p3main
     00000087  G$P0_7$0$0                         p3main
     00000087  G$PCON$0$0                         p3main
     00000087  _P0_7                              p3main
     00000087  _PCON                              p3main
     00000088  G$CP0HYN0$0$0                      p3main
     00000088  G$CP1HYN0$0$0                      p3main
     00000088  G$CP2HYN0$0$0                      p3main
     00000088  G$CPT0CN$0$0                       p3main
     00000088  G$CPT1CN$0$0                       p3main
     00000088  G$CPT2CN$0$0                       p3main
     00000088  G$IT0$0$0                          p3main
     00000088  G$TCON$0$0                         p3main
     00000088  _CP0HYN0                           p3main
     00000088  _CP1HYN0                           p3main
     00000088  _CP2HYN0                           p3main
     00000088  _CPT0CN                            p3main
     00000088  _CPT1CN                            p3main
     00000088  _CPT2CN                            p3main
     00000088  _IT0                               p3main
     00000088  _TCON                              p3main
     00000089  G$CP0HYN1$0$0                      p3main
ASxxxx Linker V03.00 + NoICE + sdld,  page 4.
Hexadecimal  [32-Bits]

Area                                    Addr        Size        Decimal Bytes (Attributes)
--------------------------------        ----        ----        ------- ----- ------------
.  .ABS.                            00000000    00000000 =           0. bytes (ABS,CON)

      Value  Global                              Global Defined In Module
      -----  --------------------------------   ------------------------
     00000089  G$CP1HYN1$0$0                      p3main
     00000089  G$CP2HYN1$0$0                      p3main
     00000089  G$CPT0MD$0$0                       p3main
     00000089  G$CPT1MD$0$0                       p3main
     00000089  G$CPT2MD$0$0                       p3main
     00000089  G$IE0$0$0                          p3main
     00000089  G$TMOD$0$0                         p3main
     00000089  _CP0HYN1                           p3main
     00000089  _CP1HYN1                           p3main
     00000089  _CP2HYN1                           p3main
     00000089  _CPT0MD                            p3main
     00000089  _CPT1MD                            p3main
     00000089  _CPT2MD                            p3main
     00000089  _IE0                               p3main
     00000089  _TMOD                              p3main
     0000008A  G$CP0HYP0$0$0                      p3main
     0000008A  G$CP1HYP0$0$0                      p3main
     0000008A  G$CP2HYP0$0$0                      p3main
     0000008A  G$IT1$0$0                          p3main
     0000008A  G$OSCICN$0$0                       p3main
     0000008A  G$TL0$0$0                          p3main
     0000008A  _CP0HYP0                           p3main
     0000008A  _CP1HYP0                           p3main
     0000008A  _CP2HYP0                           p3main
     0000008A  _IT1                               p3main
     0000008A  _OSCICN                            p3main
     0000008A  _TL0                               p3main
     0000008B  G$CP0HYP1$0$0                      p3main
     0000008B  G$CP1HYP1$0$0                      p3main
     0000008B  G$CP2HYP1$0$0                      p3main
     0000008B  G$IE1$0$0                          p3main
     0000008B  G$OSCICL$0$0                       p3main
     0000008B  G$TL1$0$0                          p3main
     0000008B  _CP0HYP1                           p3main
     0000008B  _CP1HYP1                           p3main
     0000008B  _CP2HYP1                           p3main
     0000008B  _IE1                               p3main
     0000008B  _OSCICL                            p3main
     0000008B  _TL1                               p3main
     0000008C  G$CP0FIF$0$0                       p3main
     0000008C  G$CP1FIF$0$0                       p3main
     0000008C  G$CP2FIF$0$0                       p3main
     0000008C  G$OSCXCN$0$0                       p3main
     0000008C  G$TH0$0$0                          p3main
     0000008C  G$TR0$0$0                          p3main
     0000008C  _CP0FIF                            p3main
     0000008C  _CP1FIF                            p3main
     0000008C  _CP2FIF                            p3main
     0000008C  _OSCXCN                            p3main
     0000008C  _TH0                               p3main
     0000008C  _TR0                               p3main
ASxxxx Linker V03.00 + NoICE + sdld,  page 5.
Hexadecimal  [32-Bits]

Area                                    Addr        Size        Decimal Bytes (Attributes)
--------------------------------        ----        ----        ------- ----- ------------
.  .ABS.                            00000000    00000000 =           0. bytes (ABS,CON)

      Value  Global                              Global Defined In Module
      -----  --------------------------------   ------------------------
     0000008D  G$CP0RIF$0$0                       p3main
     0000008D  G$CP1RIF$0$0                       p3main
     0000008D  G$CP2RIF$0$0                       p3main
     0000008D  G$TF0$0$0                          p3main
     0000008D  G$TH1$0$0                          p3main
     0000008D  _CP0RIF                            p3main
     0000008D  _CP1RIF                            p3main
     0000008D  _CP2RIF                            p3main
     0000008D  _TF0                               p3main
     0000008D  _TH1                               p3main
     0000008E  G$CKCON$0$0                        p3main
     0000008E  G$CP0OUT$0$0                       p3main
     0000008E  G$CP1OUT$0$0                       p3main
     0000008E  G$CP2OUT$0$0                       p3main
     0000008E  G$TR1$0$0                          p3main
     0000008E  _CKCON                             p3main
     0000008E  _CP0OUT                            p3main
     0000008E  _CP1OUT                            p3main
     0000008E  _CP2OUT                            p3main
     0000008E  _TR1                               p3main
     0000008F  G$CP0EN$0$0                        p3main
     0000008F  G$CP1EN$0$0                        p3main
     0000008F  G$CP2EN$0$0                        p3main
     0000008F  G$PSCTL$0$0                        p3main
     0000008F  G$TF1$0$0                          p3main
     0000008F  _CP0EN                             p3main
     0000008F  _CP1EN                             p3main
     0000008F  _CP2EN                             p3main
     0000008F  _PSCTL                             p3main
     0000008F  _TF1                               p3main
     00000090  G$P1$0$0                           p3main
     00000090  G$P1_0$0$0                         p3main
     00000090  _P1                                p3main
     00000090  _P1_0                              p3main
     00000091  G$P1_1$0$0                         p3main
     00000091  G$SSTA0$0$0                        p3main
     00000091  _P1_1                              p3main
     00000091  _SSTA0                             p3main
     00000092  G$P1_2$0$0                         p3main
     00000092  _P1_2                              p3main
     00000093  G$P1_3$0$0                         p3main
     00000093  _P1_3                              p3main
     00000094  G$P1_4$0$0                         p3main
     00000094  _P1_4                              p3main
     00000095  G$P1_5$0$0                         p3main
     00000095  _P1_5                              p3main
     00000096  G$P1_6$0$0                         p3main
     00000096  G$SFRPGCN$0$0                      p3main
     00000096  _P1_6                              p3main
     00000096  _SFRPGCN                           p3main
     00000097  G$CLKSEL$0$0                       p3main
ASxxxx Linker V03.00 + NoICE + sdld,  page 6.
Hexadecimal  [32-Bits]

Area                                    Addr        Size        Decimal Bytes (Attributes)
--------------------------------        ----        ----        ------- ----- ------------
.  .ABS.                            00000000    00000000 =           0. bytes (ABS,CON)

      Value  Global                              Global Defined In Module
      -----  --------------------------------   ------------------------
     00000097  G$P1_7$0$0                         p3main
     00000097  _CLKSEL                            p3main
     00000097  _P1_7                              p3main
     00000098  G$RI0$0$0                          p3main
     00000098  G$RI1$0$0                          p3main
     00000098  G$SCON0$0$0                        p3main
     00000098  G$SCON1$0$0                        p3main
     00000098  _RI0                               p3main
     00000098  _RI1                               p3main
     00000098  _SCON0                             p3main
     00000098  _SCON1                             p3main
     00000099  G$SBUF0$0$0                        p3main
     00000099  G$SBUF1$0$0                        p3main
     00000099  G$TI0$0$0                          p3main
     00000099  G$TI1$0$0                          p3main
     00000099  _SBUF0                             p3main
     00000099  _SBUF1                             p3main
     00000099  _TI0                               p3main
     00000099  _TI1                               p3main
     0000009A  G$RB80$0$0                         p3main
     0000009A  G$RB81$0$0                         p3main
     0000009A  G$SPI0CFG$0$0                      p3main
     0000009A  _RB80                              p3main
     0000009A  _RB81                              p3main
     0000009A  _SPI0CFG                           p3main
     0000009B  G$SPI0DAT$0$0                      p3main
     0000009B  G$TB80$0$0                         p3main
     0000009B  G$TB81$0$0                         p3main
     0000009B  _SPI0DAT                           p3main
     0000009B  _TB80                              p3main
     0000009B  _TB81                              p3main
     0000009C  G$P4MDOUT$0$0                      p3main
     0000009C  G$REN0$0$0                         p3main
     0000009C  G$REN1$0$0                         p3main
     0000009C  _P4MDOUT                           p3main
     0000009C  _REN0                              p3main
     0000009C  _REN1                              p3main
     0000009D  G$MCE1$0$0                         p3main
     0000009D  G$P5MDOUT$0$0                      p3main
     0000009D  G$SM20$0$0                         p3main
     0000009D  G$SPI0CKR$0$0                      p3main
     0000009D  _MCE1                              p3main
     0000009D  _P5MDOUT                           p3main
     0000009D  _SM20                              p3main
     0000009D  _SPI0CKR                           p3main
     0000009E  G$P6MDOUT$0$0                      p3main
     0000009E  G$SM10$0$0                         p3main
     0000009E  _P6MDOUT                           p3main
     0000009E  _SM10                              p3main
     0000009F  G$P7MDOUT$0$0                      p3main
     0000009F  G$S1MODE$0$0                       p3main
ASxxxx Linker V03.00 + NoICE + sdld,  page 7.
Hexadecimal  [32-Bits]

Area                                    Addr        Size        Decimal Bytes (Attributes)
--------------------------------        ----        ----        ------- ----- ------------
.  .ABS.                            00000000    00000000 =           0. bytes (ABS,CON)

      Value  Global                              Global Defined In Module
      -----  --------------------------------   ------------------------
     0000009F  G$SM00$0$0                         p3main
     0000009F  _P7MDOUT                           p3main
     0000009F  _S1MODE                            p3main
     0000009F  _SM00                              p3main
     000000A0  G$P2$0$0                           p3main
     000000A0  G$P2_0$0$0                         p3main
     000000A0  _P2                                p3main
     000000A0  _P2_0                              p3main
     000000A0  __XPAGE                            
     000000A1  G$EMI0TC$0$0                       p3main
     000000A1  G$P2_1$0$0                         p3main
     000000A1  _EMI0TC                            p3main
     000000A1  _P2_1                              p3main
     000000A2  G$EMI0CN$0$0                       p3main
     000000A2  G$P2_2$0$0                         p3main
     000000A2  _EMI0CN                            p3main
     000000A2  _P2_2                              p3main
     000000A3  G$EMI0CF$0$0                       p3main
     000000A3  G$P2_3$0$0                         p3main
     000000A3  _EMI0CF                            p3main
     000000A3  _P2_3                              p3main
     000000A4  G$P0MDOUT$0$0                      p3main
     000000A4  G$P2_4$0$0                         p3main
     000000A4  _P0MDOUT                           p3main
     000000A4  _P2_4                              p3main
     000000A5  G$P1MDOUT$0$0                      p3main
     000000A5  G$P2_5$0$0                         p3main
     000000A5  _P1MDOUT                           p3main
     000000A5  _P2_5                              p3main
     000000A6  G$P2MDOUT$0$0                      p3main
     000000A6  G$P2_6$0$0                         p3main
     000000A6  _P2MDOUT                           p3main
     000000A6  _P2_6                              p3main
     000000A7  G$P2_7$0$0                         p3main
     000000A7  G$P3MDOUT$0$0                      p3main
     000000A7  _P2_7                              p3main
     000000A7  _P3MDOUT                           p3main
     000000A8  G$EX0$0$0                          p3main
     000000A8  G$IE$0$0                           p3main
     000000A8  _EX0                               p3main
     000000A8  _IE                                p3main
     000000A9  G$ET0$0$0                          p3main
     000000A9  G$SADDR0$0$0                       p3main
     000000A9  G$SADDR1$0$0                       p3main
     000000A9  _ET0                               p3main
     000000A9  _SADDR0                            p3main
     000000A9  _SADDR1                            p3main
     000000AA  G$EX1$0$0                          p3main
     000000AA  _EX1                               p3main
     000000AB  G$ET1$0$0                          p3main
     000000AB  _ET1                               p3main
ASxxxx Linker V03.00 + NoICE + sdld,  page 8.
Hexadecimal  [32-Bits]

Area                                    Addr        Size        Decimal Bytes (Attributes)
--------------------------------        ----        ----        ------- ----- ------------
.  .ABS.                            00000000    00000000 =           0. bytes (ABS,CON)

      Value  Global                              Global Defined In Module
      -----  --------------------------------   ------------------------
     000000AC  G$ES0$0$0                          p3main
     000000AC  _ES0                               p3main
     000000AD  G$ET2$0$0                          p3main
     000000AD  G$P1MDIN$0$0                       p3main
     000000AD  _ET2                               p3main
     000000AD  _P1MDIN                            p3main
     000000AE  G$P2MDIN$0$0                       p3main
     000000AE  _P2MDIN                            p3main
     000000AF  G$EA$0$0                           p3main
     000000AF  G$P3MDIN$0$0                       p3main
     000000AF  _EA                                p3main
     000000AF  _P3MDIN                            p3main
     000000B0  G$P3$0$0                           p3main
     000000B0  G$P3_0$0$0                         p3main
     000000B0  _P3                                p3main
     000000B0  _P3_0                              p3main
     000000B1  G$P3_1$0$0                         p3main
     000000B1  _P3_1                              p3main
     000000B2  G$P3_2$0$0                         p3main
     000000B2  _P3_2                              p3main
     000000B3  G$P3_3$0$0                         p3main
     000000B3  _P3_3                              p3main
     000000B4  G$P3_4$0$0                         p3main
     000000B4  _P3_4                              p3main
     000000B5  G$P3_5$0$0                         p3main
     000000B5  _P3_5                              p3main
     000000B6  G$P3_6$0$0                         p3main
     000000B6  _P3_6                              p3main
     000000B7  G$FLACL$0$0                        p3main
     000000B7  G$FLSCL$0$0                        p3main
     000000B7  G$P3_7$0$0                         p3main
     000000B7  _FLACL                             p3main
     000000B7  _FLSCL                             p3main
     000000B7  _P3_7                              p3main
     000000B8  G$IP$0$0                           p3main
     000000B8  G$PX0$0$0                          p3main
     000000B8  _IP                                p3main
     000000B8  _PX0                               p3main
     000000B9  G$PT0$0$0                          p3main
     000000B9  G$SADEN0$0$0                       p3main
     000000B9  _PT0                               p3main
     000000B9  _SADEN0                            p3main
     000000BA  G$AMX0CF$0$0                       p3main
     000000BA  G$AMX2CF$0$0                       p3main
     000000BA  G$PX1$0$0                          p3main
     000000BA  _AMX0CF                            p3main
     000000BA  _AMX2CF                            p3main
     000000BA  _PX1                               p3main
     000000BB  G$AMX0SL$0$0                       p3main
     000000BB  G$AMX2SL$0$0                       p3main
     000000BB  G$PT1$0$0                          p3main
ASxxxx Linker V03.00 + NoICE + sdld,  page 9.
Hexadecimal  [32-Bits]

Area                                    Addr        Size        Decimal Bytes (Attributes)
--------------------------------        ----        ----        ------- ----- ------------
.  .ABS.                            00000000    00000000 =           0. bytes (ABS,CON)

      Value  Global                              Global Defined In Module
      -----  --------------------------------   ------------------------
     000000BB  _AMX0SL                            p3main
     000000BB  _AMX2SL                            p3main
     000000BB  _PT1                               p3main
     000000BC  G$ADC0CF$0$0                       p3main
     000000BC  G$ADC2CF$0$0                       p3main
     000000BC  G$PS0$0$0                          p3main
     000000BC  _ADC0CF                            p3main
     000000BC  _ADC2CF                            p3main
     000000BC  _PS0                               p3main
     000000BD  G$AMX0PRT$0$0                      p3main
     000000BD  G$PT2$0$0                          p3main
     000000BD  _AMX0PRT                           p3main
     000000BD  _PT2                               p3main
     000000BE  G$ADC0L$0$0                        p3main
     000000BE  G$ADC2$0$0                         p3main
     000000BE  _ADC0L                             p3main
     000000BE  _ADC2                              p3main
     000000BF  G$ADC0H$0$0                        p3main
     000000BF  _ADC0H                             p3main
     000000C0  G$CAN0STA$0$0                      p3main
     000000C0  G$LEC0$0$0                         p3main
     000000C0  G$SMB0CN$0$0                       p3main
     000000C0  G$SMBTOE$0$0                       p3main
     000000C0  _CAN0STA                           p3main
     000000C0  _LEC0                              p3main
     000000C0  _SMB0CN                            p3main
     000000C0  _SMBTOE                            p3main
     000000C1  G$LEC1$0$0                         p3main
     000000C1  G$SMB0STA$0$0                      p3main
     000000C1  G$SMBFTE$0$0                       p3main
     000000C1  _LEC1                              p3main
     000000C1  _SMB0STA                           p3main
     000000C1  _SMBFTE                            p3main
     000000C2  G$AA$0$0                           p3main
     000000C2  G$LEC2$0$0                         p3main
     000000C2  G$SMB0DAT$0$0                      p3main
     000000C2  _AA                                p3main
     000000C2  _LEC2                              p3main
     000000C2  _SMB0DAT                           p3main
     000000C3  G$SI$0$0                           p3main
     000000C3  G$SMB0ADR$0$0                      p3main
     000000C3  G$TXOK$0$0                         p3main
     000000C3  _SI                                p3main
     000000C3  _SMB0ADR                           p3main
     000000C3  _TXOK                              p3main
     000000C4  G$ADC0GTL$0$0                      p3main
     000000C4  G$ADC2GT$0$0                       p3main
     000000C4  G$RXOK$0$0                         p3main
     000000C4  G$STO$0$0                          p3main
     000000C4  _ADC0GTL                           p3main
     000000C4  _ADC2GT                            p3main
ASxxxx Linker V03.00 + NoICE + sdld,  page 10.
Hexadecimal  [32-Bits]

Area                                    Addr        Size        Decimal Bytes (Attributes)
--------------------------------        ----        ----        ------- ----- ------------
.  .ABS.                            00000000    00000000 =           0. bytes (ABS,CON)

      Value  Global                              Global Defined In Module
      -----  --------------------------------   ------------------------
     000000C4  _RXOK                              p3main
     000000C4  _STO                               p3main
     000000C5  G$ADC0GTH$0$0                      p3main
     000000C5  G$EPASS$0$0                        p3main
     000000C5  G$STA$0$0                          p3main
     000000C5  _ADC0GTH                           p3main
     000000C5  _EPASS                             p3main
     000000C5  _STA                               p3main
     000000C6  G$ADC0LTL$0$0                      p3main
     000000C6  G$ADC2LT$0$0                       p3main
     000000C6  G$ENSMB$0$0                        p3main
     000000C6  G$EWARN$0$0                        p3main
     000000C6  _ADC0LTL                           p3main
     000000C6  _ADC2LT                            p3main
     000000C6  _ENSMB                             p3main
     000000C6  _EWARN                             p3main
     000000C7  G$ADC0LTH$0$0                      p3main
     000000C7  G$BOFF$0$0                         p3main
     000000C7  G$BUSY$0$0                         p3main
     000000C7  _ADC0LTH                           p3main
     000000C7  _BOFF                              p3main
     000000C7  _BUSY                              p3main
     000000C8  G$CPRL2$0$0                        p3main
     000000C8  G$CPRL3$0$0                        p3main
     000000C8  G$CPRL4$0$0                        p3main
     000000C8  G$P4$0$0                           p3main
     000000C8  G$P4_0$0$0                         p3main
     000000C8  G$TMR2CN$0$0                       p3main
     000000C8  G$TMR3CN$0$0                       p3main
     000000C8  G$TMR4CN$0$0                       p3main
     000000C8  _CPRL2                             p3main
     000000C8  _CPRL3                             p3main
     000000C8  _CPRL4                             p3main
     000000C8  _P4                                p3main
     000000C8  _P4_0                              p3main
     000000C8  _TMR2CN                            p3main
     000000C8  _TMR3CN                            p3main
     000000C8  _TMR4CN                            p3main
     000000C9  G$CT2$0$0                          p3main
     000000C9  G$CT3$0$0                          p3main
     000000C9  G$CT4$0$0                          p3main
     000000C9  G$P4_1$0$0                         p3main
     000000C9  G$TMR2CF$0$0                       p3main
     000000C9  G$TMR3CF$0$0                       p3main
     000000C9  G$TMR4CF$0$0                       p3main
     000000C9  _CT2                               p3main
     000000C9  _CT3                               p3main
     000000C9  _CT4                               p3main
     000000C9  _P4_1                              p3main
     000000C9  _TMR2CF                            p3main
     000000C9  _TMR3CF                            p3main
ASxxxx Linker V03.00 + NoICE + sdld,  page 11.
Hexadecimal  [32-Bits]

Area                                    Addr        Size        Decimal Bytes (Attributes)
--------------------------------        ----        ----        ------- ----- ------------
.  .ABS.                            00000000    00000000 =           0. bytes (ABS,CON)

      Value  Global                              Global Defined In Module
      -----  --------------------------------   ------------------------
     000000C9  _TMR4CF                            p3main
     000000CA  G$P4_2$0$0                         p3main
     000000CA  G$RCAP2L$0$0                       p3main
     000000CA  G$RCAP3L$0$0                       p3main
     000000CA  G$RCAP4L$0$0                       p3main
     000000CA  G$TR2$0$0                          p3main
     000000CA  G$TR3$0$0                          p3main
     000000CA  G$TR4$0$0                          p3main
     000000CA  _P4_2                              p3main
     000000CA  _RCAP2L                            p3main
     000000CA  _RCAP3L                            p3main
     000000CA  _RCAP4L                            p3main
     000000CA  _TR2                               p3main
     000000CA  _TR3                               p3main
     000000CA  _TR4                               p3main
     000000CB  G$EXEN2$0$0                        p3main
     000000CB  G$EXEN3$0$0                        p3main
     000000CB  G$EXEN4$0$0                        p3main
     000000CB  G$P4_3$0$0                         p3main
     000000CB  G$RCAP2H$0$0                       p3main
     000000CB  G$RCAP3H$0$0                       p3main
     000000CB  G$RCAP4H$0$0                       p3main
     000000CB  _EXEN2                             p3main
     000000CB  _EXEN3                             p3main
     000000CB  _EXEN4                             p3main
     000000CB  _P4_3                              p3main
     000000CB  _RCAP2H                            p3main
     000000CB  _RCAP3H                            p3main
     000000CB  _RCAP4H                            p3main
     000000CC  G$P4_4$0$0                         p3main
     000000CC  G$TMR2L$0$0                        p3main
     000000CC  G$TMR3L$0$0                        p3main
     000000CC  G$TMR4L$0$0                        p3main
     000000CC  _P4_4                              p3main
     000000CC  _TMR2L                             p3main
     000000CC  _TMR3L                             p3main
     000000CC  _TMR4L                             p3main
     000000CD  G$P4_5$0$0                         p3main
     000000CD  G$TMR2H$0$0                        p3main
     000000CD  G$TMR3H$0$0                        p3main
     000000CD  G$TMR4H$0$0                        p3main
     000000CD  _P4_5                              p3main
     000000CD  _TMR2H                             p3main
     000000CD  _TMR3H                             p3main
     000000CD  _TMR4H                             p3main
     000000CE  G$EXF2$0$0                         p3main
     000000CE  G$EXF3$0$0                         p3main
     000000CE  G$EXF4$0$0                         p3main
     000000CE  G$P4_6$0$0                         p3main
     000000CE  _EXF2                              p3main
     000000CE  _EXF3                              p3main
ASxxxx Linker V03.00 + NoICE + sdld,  page 12.
Hexadecimal  [32-Bits]

Area                                    Addr        Size        Decimal Bytes (Attributes)
--------------------------------        ----        ----        ------- ----- ------------
.  .ABS.                            00000000    00000000 =           0. bytes (ABS,CON)

      Value  Global                              Global Defined In Module
      -----  --------------------------------   ------------------------
     000000CE  _EXF4                              p3main
     000000CE  _P4_6                              p3main
     000000CF  G$P4_7$0$0                         p3main
     000000CF  G$SMB0CR$0$0                       p3main
     000000CF  G$TF2$0$0                          p3main
     000000CF  G$TF3$0$0                          p3main
     000000CF  G$TF4$0$0                          p3main
     000000CF  _P4_7                              p3main
     000000CF  _SMB0CR                            p3main
     000000CF  _TF2                               p3main
     000000CF  _TF3                               p3main
     000000CF  _TF4                               p3main
     000000D0  G$P$0$0                            p3main
     000000D0  G$PSW$0$0                          p3main
     000000D0  _P                                 p3main
     000000D0  _PSW                               p3main
     000000D1  G$F1$0$0                           p3main
     000000D1  G$REF0CN$0$0                       p3main
     000000D1  _F1                                p3main
     000000D1  _REF0CN                            p3main
     000000D2  G$DAC0L$0$0                        p3main
     000000D2  G$DAC1L$0$0                        p3main
     000000D2  G$OV$0$0                           p3main
     000000D2  _DAC0L                             p3main
     000000D2  _DAC1L                             p3main
     000000D2  _OV                                p3main
     000000D3  G$DAC0H$0$0                        p3main
     000000D3  G$DAC1H$0$0                        p3main
     000000D3  G$RS0$0$0                          p3main
     000000D3  _DAC0H                             p3main
     000000D3  _DAC1H                             p3main
     000000D3  _RS0                               p3main
     000000D4  G$DAC0CN$0$0                       p3main
     000000D4  G$DAC1CN$0$0                       p3main
     000000D4  G$RS1$0$0                          p3main
     000000D4  _DAC0CN                            p3main
     000000D4  _DAC1CN                            p3main
     000000D4  _RS1                               p3main
     000000D5  G$F0$0$0                           p3main
     000000D5  _F0                                p3main
     000000D6  G$AC$0$0                           p3main
     000000D6  G$HVA0CN$0$0                       p3main
     000000D6  _AC                                p3main
     000000D6  _HVA0CN                            p3main
     000000D7  G$CY$0$0                           p3main
     000000D7  _CY                                p3main
     000000D8  G$CAN0DATL$0$0                     p3main
     000000D8  G$CCF0$0$0                         p3main
     000000D8  G$P5$0$0                           p3main
     000000D8  G$P5_0$0$0                         p3main
     000000D8  G$PCA0CN$0$0                       p3main
ASxxxx Linker V03.00 + NoICE + sdld,  page 13.
Hexadecimal  [32-Bits]

Area                                    Addr        Size        Decimal Bytes (Attributes)
--------------------------------        ----        ----        ------- ----- ------------
.  .ABS.                            00000000    00000000 =           0. bytes (ABS,CON)

      Value  Global                              Global Defined In Module
      -----  --------------------------------   ------------------------
     000000D8  _CAN0DATL                          p3main
     000000D8  _CCF0                              p3main
     000000D8  _P5                                p3main
     000000D8  _P5_0                              p3main
     000000D8  _PCA0CN                            p3main
     000000D9  G$CAN0DATH$0$0                     p3main
     000000D9  G$CCF1$0$0                         p3main
     000000D9  G$P5_1$0$0                         p3main
     000000D9  G$PCA0MD$0$0                       p3main
     000000D9  _CAN0DATH                          p3main
     000000D9  _CCF1                              p3main
     000000D9  _P5_1                              p3main
     000000D9  _PCA0MD                            p3main
     000000DA  G$CAN0ADR$0$0                      p3main
     000000DA  G$CCF2$0$0                         p3main
     000000DA  G$P5_2$0$0                         p3main
     000000DA  G$PCA0CPM0$0$0                     p3main
     000000DA  _CAN0ADR                           p3main
     000000DA  _CCF2                              p3main
     000000DA  _P5_2                              p3main
     000000DA  _PCA0CPM0                          p3main
     000000DB  G$CAN0TST$0$0                      p3main
     000000DB  G$CCF3$0$0                         p3main
     000000DB  G$P5_3$0$0                         p3main
     000000DB  G$PCA0CPM1$0$0                     p3main
     000000DB  _CAN0TST                           p3main
     000000DB  _CCF3                              p3main
     000000DB  _P5_3                              p3main
     000000DB  _PCA0CPM1                          p3main
     000000DC  G$CCF4$0$0                         p3main
     000000DC  G$P5_4$0$0                         p3main
     000000DC  G$PCA0CPM2$0$0                     p3main
     000000DC  _CCF4                              p3main
     000000DC  _P5_4                              p3main
     000000DC  _PCA0CPM2                          p3main
     000000DD  G$CCF5$0$0                         p3main
     000000DD  G$P5_5$0$0                         p3main
     000000DD  G$PCA0CPM3$0$0                     p3main
     000000DD  _CCF5                              p3main
     000000DD  _P5_5                              p3main
     000000DD  _PCA0CPM3                          p3main
     000000DE  G$CR$0$0                           p3main
     000000DE  G$P5_6$0$0                         p3main
     000000DE  G$PCA0CPM4$0$0                     p3main
     000000DE  _CR                                p3main
     000000DE  _P5_6                              p3main
     000000DE  _PCA0CPM4                          p3main
     000000DF  G$CF$0$0                           p3main
     000000DF  G$P5_7$0$0                         p3main
     000000DF  G$PCA0CPM5$0$0                     p3main
     000000DF  _CF                                p3main
ASxxxx Linker V03.00 + NoICE + sdld,  page 14.
Hexadecimal  [32-Bits]

Area                                    Addr        Size        Decimal Bytes (Attributes)
--------------------------------        ----        ----        ------- ----- ------------
.  .ABS.                            00000000    00000000 =           0. bytes (ABS,CON)

      Value  Global                              Global Defined In Module
      -----  --------------------------------   ------------------------
     000000DF  _P5_7                              p3main
     000000DF  _PCA0CPM5                          p3main
     000000E0  G$ACC$0$0                          p3main
     000000E0  _ACC                               p3main
     000000E1  G$PCA0CPL5$0$0                     p3main
     000000E1  G$XBR0$0$0                         p3main
     000000E1  _PCA0CPL5                          p3main
     000000E1  _XBR0                              p3main
     000000E2  G$PCA0CPH5$0$0                     p3main
     000000E2  G$XBR1$0$0                         p3main
     000000E2  _PCA0CPH5                          p3main
     000000E2  _XBR1                              p3main
     000000E3  G$XBR2$0$0                         p3main
     000000E3  _XBR2                              p3main
     000000E4  G$XBR3$0$0                         p3main
     000000E4  _XBR3                              p3main
     000000E6  G$EIE1$0$0                         p3main
     000000E6  _EIE1                              p3main
     000000E7  G$EIE2$0$0                         p3main
     000000E7  _EIE2                              p3main
     000000E8  G$AD0LJST$0$0                      p3main
     000000E8  G$AD2WINT$0$0                      p3main
     000000E8  G$ADC0CN$0$0                       p3main
     000000E8  G$ADC2CN$0$0                       p3main
     000000E8  G$P6$0$0                           p3main
     000000E8  G$P6_0$0$0                         p3main
     000000E8  _AD0LJST                           p3main
     000000E8  _AD2WINT                           p3main
     000000E8  _ADC0CN                            p3main
     000000E8  _ADC2CN                            p3main
     000000E8  _P6                                p3main
     000000E8  _P6_0                              p3main
     000000E9  G$AD0WINT$0$0                      p3main
     000000E9  G$AD2CM0$0$0                       p3main
     000000E9  G$P6_1$0$0                         p3main
     000000E9  G$PCA0CPL2$0$0                     p3main
     000000E9  _AD0WINT                           p3main
     000000E9  _AD2CM0                            p3main
     000000E9  _P6_1                              p3main
     000000E9  _PCA0CPL2                          p3main
     000000EA  G$AD0CM0$0$0                       p3main
     000000EA  G$AD2CM1$0$0                       p3main
     000000EA  G$P6_2$0$0                         p3main
     000000EA  G$PCA0CPH2$0$0                     p3main
     000000EA  _AD0CM0                            p3main
     000000EA  _AD2CM1                            p3main
     000000EA  _P6_2                              p3main
     000000EA  _PCA0CPH2                          p3main
     000000EB  G$AD0CM1$0$0                       p3main
     000000EB  G$AD2CM2$0$0                       p3main
     000000EB  G$P6_3$0$0                         p3main
ASxxxx Linker V03.00 + NoICE + sdld,  page 15.
Hexadecimal  [32-Bits]

Area                                    Addr        Size        Decimal Bytes (Attributes)
--------------------------------        ----        ----        ------- ----- ------------
.  .ABS.                            00000000    00000000 =           0. bytes (ABS,CON)

      Value  Global                              Global Defined In Module
      -----  --------------------------------   ------------------------
     000000EB  G$PCA0CPL3$0$0                     p3main
     000000EB  _AD0CM1                            p3main
     000000EB  _AD2CM2                            p3main
     000000EB  _P6_3                              p3main
     000000EB  _PCA0CPL3                          p3main
     000000EC  G$AD0BUSY$0$0                      p3main
     000000EC  G$AD2BUSY$0$0                      p3main
     000000EC  G$P6_4$0$0                         p3main
     000000EC  G$PCA0CPH3$0$0                     p3main
     000000EC  _AD0BUSY                           p3main
     000000EC  _AD2BUSY                           p3main
     000000EC  _P6_4                              p3main
     000000EC  _PCA0CPH3                          p3main
     000000ED  G$AD0INT$0$0                       p3main
     000000ED  G$AD2INT$0$0                       p3main
     000000ED  G$P6_5$0$0                         p3main
     000000ED  G$PCA0CPL4$0$0                     p3main
     000000ED  _AD0INT                            p3main
     000000ED  _AD2INT                            p3main
     000000ED  _P6_5                              p3main
     000000ED  _PCA0CPL4                          p3main
     000000EE  G$AD0TM$0$0                        p3main
     000000EE  G$AD2TM$0$0                        p3main
     000000EE  G$P6_6$0$0                         p3main
     000000EE  G$PCA0CPH4$0$0                     p3main
     000000EE  _AD0TM                             p3main
     000000EE  _AD2TM                             p3main
     000000EE  _P6_6                              p3main
     000000EE  _PCA0CPH4                          p3main
     000000EF  G$AD0EN$0$0                        p3main
     000000EF  G$AD2EN$0$0                        p3main
     000000EF  G$P6_7$0$0                         p3main
     000000EF  G$RSTSRC$0$0                       p3main
     000000EF  _AD0EN                             p3main
     000000EF  _AD2EN                             p3main
     000000EF  _P6_7                              p3main
     000000EF  _RSTSRC                            p3main
     000000F0  G$B$0$0                            p3main
     000000F0  _B                                 p3main
     000000F5  _B_5                               _gptrget
     000000F6  G$EIP1$0$0                         p3main
     000000F6  _B_6                               _gptrget
     000000F6  _EIP1                              p3main
     000000F7  G$EIP2$0$0                         p3main
     000000F7  _B_7                               _gptrget
     000000F7  _EIP2                              p3main
     000000F8  G$CAN0CN$0$0                       p3main
     000000F8  G$CANINIT$0$0                      p3main
     000000F8  G$P7$0$0                           p3main
     000000F8  G$P7_0$0$0                         p3main
     000000F8  G$SPI0CN$0$0                       p3main
ASxxxx Linker V03.00 + NoICE + sdld,  page 16.
Hexadecimal  [32-Bits]

Area                                    Addr        Size        Decimal Bytes (Attributes)
--------------------------------        ----        ----        ------- ----- ------------
.  .ABS.                            00000000    00000000 =           0. bytes (ABS,CON)

      Value  Global                              Global Defined In Module
      -----  --------------------------------   ------------------------
     000000F8  G$SPIEN$0$0                        p3main
     000000F8  _CAN0CN                            p3main
     000000F8  _CANINIT                           p3main
     000000F8  _P7                                p3main
     000000F8  _P7_0                              p3main
     000000F8  _SPI0CN                            p3main
     000000F8  _SPIEN                             p3main
     000000F9  G$CANIE$0$0                        p3main
     000000F9  G$P7_1$0$0                         p3main
     000000F9  G$PCA0L$0$0                        p3main
     000000F9  G$TXBMT$0$0                        p3main
     000000F9  _CANIE                             p3main
     000000F9  _P7_1                              p3main
     000000F9  _PCA0L                             p3main
     000000F9  _TXBMT                             p3main
     000000FA  G$CANSIE$0$0                       p3main
     000000FA  G$NSSMD0$0$0                       p3main
     000000FA  G$P7_2$0$0                         p3main
     000000FA  G$PCA0H$0$0                        p3main
     000000FA  _CANSIE                            p3main
     000000FA  _NSSMD0                            p3main
     000000FA  _P7_2                              p3main
     000000FA  _PCA0H                             p3main
     000000FB  G$CANEIE$0$0                       p3main
     000000FB  G$NSSMD1$0$0                       p3main
     000000FB  G$P7_3$0$0                         p3main
     000000FB  G$PCA0CPL0$0$0                     p3main
     000000FB  _CANEIE                            p3main
     000000FB  _NSSMD1                            p3main
     000000FB  _P7_3                              p3main
     000000FB  _PCA0CPL0                          p3main
     000000FC  G$CANIF$0$0                        p3main
     000000FC  G$P7_4$0$0                         p3main
     000000FC  G$PCA0CPH0$0$0                     p3main
     000000FC  G$RXOVRN$0$0                       p3main
     000000FC  _CANIF                             p3main
     000000FC  _P7_4                              p3main
     000000FC  _PCA0CPH0                          p3main
     000000FC  _RXOVRN                            p3main
     000000FD  G$CANDAR$0$0                       p3main
     000000FD  G$MODF$0$0                         p3main
     000000FD  G$P7_5$0$0                         p3main
     000000FD  G$PCA0CPL1$0$0                     p3main
     000000FD  _CANDAR                            p3main
     000000FD  _MODF                              p3main
     000000FD  _P7_5                              p3main
     000000FD  _PCA0CPL1                          p3main
     000000FE  G$CANCCE$0$0                       p3main
     000000FE  G$P7_6$0$0                         p3main
     000000FE  G$PCA0CPH1$0$0                     p3main
     000000FE  G$WCOL$0$0                         p3main
ASxxxx Linker V03.00 + NoICE + sdld,  page 17.
Hexadecimal  [32-Bits]

Area                                    Addr        Size        Decimal Bytes (Attributes)
--------------------------------        ----        ----        ------- ----- ------------
.  .ABS.                            00000000    00000000 =           0. bytes (ABS,CON)

      Value  Global                              Global Defined In Module
      -----  --------------------------------   ------------------------
     000000FE  _CANCCE                            p3main
     000000FE  _P7_6                              p3main
     000000FE  _PCA0CPH1                          p3main
     000000FE  _WCOL                              p3main
     000000FF  G$CANTEST$0$0                      p3main
     000000FF  G$P7_7$0$0                         p3main
     000000FF  G$SPIF$0$0                         p3main
     000000FF  G$WDTCN$0$0                        p3main
     000000FF  _CANTEST                           p3main
     000000FF  _P7_7                              p3main
     000000FF  _SPIF                              p3main
     000000FF  _WDTCN                             p3main
     00008382  G$DP$0$0                           p3main
     00008382  _DP                                p3main
     0000BFBE  G$ADC0$0$0                         p3main
     0000BFBE  _ADC0                              p3main
     0000C5C4  G$ADC0GT$0$0                       p3main
     0000C5C4  _ADC0GT                            p3main
     0000C7C6  G$ADC0LT$0$0                       p3main
     0000C7C6  _ADC0LT                            p3main
     0000CBCA  G$RCAP2$0$0                        p3main
     0000CBCA  G$RCAP3$0$0                        p3main
     0000CBCA  G$RCAP4$0$0                        p3main
     0000CBCA  _RCAP2                             p3main
     0000CBCA  _RCAP3                             p3main
     0000CBCA  _RCAP4                             p3main
     0000CDCC  G$TMR2$0$0                         p3main
     0000CDCC  G$TMR3$0$0                         p3main
     0000CDCC  G$TMR4$0$0                         p3main
     0000CDCC  _TMR2                              p3main
     0000CDCC  _TMR3                              p3main
     0000CDCC  _TMR4                              p3main
     0000D3D2  G$DAC0$0$0                         p3main
     0000D3D2  G$DAC1$0$0                         p3main
     0000D3D2  _DAC0                              p3main
     0000D3D2  _DAC1                              p3main
     0000D9D8  G$CAN0DAT$0$0                      p3main
     0000D9D8  _CAN0DAT                           p3main
     0000E2E1  G$PCA0CP5$0$0                      p3main
     0000E2E1  _PCA0CP5                           p3main
     0000EAE9  G$PCA0CP2$0$0                      p3main
     0000EAE9  _PCA0CP2                           p3main
     0000ECEB  G$PCA0CP3$0$0                      p3main
     0000ECEB  _PCA0CP3                           p3main
     0000EEED  G$PCA0CP4$0$0                      p3main
     0000EEED  _PCA0CP4                           p3main
     0000FAF9  G$PCA0$0$0                         p3main
     0000FAF9  _PCA0                              p3main
     0000FCFB  G$PCA0CP0$0$0                      p3main
     0000FCFB  _PCA0CP0                           p3main
     0000FEFD  G$PCA0CP1$0$0                      p3main
ASxxxx Linker V03.00 + NoICE + sdld,  page 18.
Hexadecimal  [32-Bits]

Area                                    Addr        Size        Decimal Bytes (Attributes)
--------------------------------        ----        ----        ------- ----- ------------
.  .ABS.                            00000000    00000000 =           0. bytes (ABS,CON)

      Value  Global                              Global Defined In Module
      -----  --------------------------------   ------------------------
     0000FEFD  _PCA0CP1                           p3main
ASxxxx Linker V03.00 + NoICE + sdld,  page 19.
Hexadecimal  [32-Bits]

Area                                    Addr        Size        Decimal Bytes (Attributes)
--------------------------------        ----        ----        ------- ----- ------------
BSEG_BYTES                          00000020    00000003 =           3. bytes (REL,CON)

      Value  Global                              Global Defined In Module
      -----  --------------------------------   ------------------------
ASxxxx Linker V03.00 + NoICE + sdld,  page 20.
Hexadecimal  [32-Bits]

Area                                    Addr        Size        Decimal Bytes (Attributes)
--------------------------------        ----        ----        ------- ----- ------------
REG_BANK_0                          00000000    00000008 =           8. bytes (REL,OVR)

      Value  Global                              Global Defined In Module
      -----  --------------------------------   ------------------------
ASxxxx Linker V03.00 + NoICE + sdld,  page 21.
Hexadecimal  [32-Bits]

Area                                    Addr        Size        Decimal Bytes (Attributes)
--------------------------------        ----        ----        ------- ----- ------------
BIT_BANK                            00000023    00000001 =           1. bytes (REL,OVR)

      Value  Global                              Global Defined In Module
      -----  --------------------------------   ------------------------
ASxxxx Linker V03.00 + NoICE + sdld,  page 22.
Hexadecimal  [32-Bits]

Area                                    Addr        Size        Decimal Bytes (Attributes)
--------------------------------        ----        ----        ------- ----- ------------
DSEG                                00000000    0000007C =         124. bytes (REL,CON)

      Value  Global                              Global Defined In Module
      -----  --------------------------------   ------------------------
     00000008  G$tecla$0$0                        p3main
     00000008  _tecla                             p3main
     00000009  G$estado$0$0                       p3main
     00000009  _estado                            p3main
     0000000A  G$counter$0$0                      p3main
     0000000A  _counter                           p3main
     00000014  _bp                                _bp
     00000015  _vprintf_PARM_2                    vprintf
     00000030  __print_format_PARM_2              printf_large
     00000033  __print_format_PARM_3              printf_large
     00000036  __print_format_PARM_4              printf_large

ASxxxx Linker V03.00 + NoICE + sdld,  page 23.
Hexadecimal  [32-Bits]

Area                                    Addr        Size        Decimal Bytes (Attributes)
--------------------------------        ----        ----        ------- ----- ------------
OSEG                                00000016    00000006 =           6. bytes (REL,OVR)

      Value  Global                              Global Defined In Module
      -----  --------------------------------   ------------------------
     00000016  Lp3main.esc_RAM_SPI$dado$1$55      p3main
     00000016  Lp3main.le_ADC0$ganho$1$60         p3main
     00000016  __modsint_PARM_2                   _moduint
     00000016  __moduint_PARM_2                   _moduint
     00000016  _esc_RAM_SPI_PARM_2                p3main
     00000016  _le_ADC0_PARM_2                    p3main
ASxxxx Linker V03.00 + NoICE + sdld,  page 24.
Hexadecimal  [32-Bits]

Area                                    Addr        Size        Decimal Bytes (Attributes)
--------------------------------        ----        ----        ------- ----- ------------
ISEG                                0000003E    00000006 =           6. bytes (REL,CON)

      Value  Global                              Global Defined In Module
      -----  --------------------------------   ------------------------
ASxxxx Linker V03.00 + NoICE + sdld,  page 25.
Hexadecimal  [32-Bits]

Area                                    Addr        Size        Decimal Bytes (Attributes)
--------------------------------        ----        ----        ------- ----- ------------
SSEG                                00000044    000000BC =         188. bytes (REL,OVR)

      Value  Global                              Global Defined In Module
      -----  --------------------------------   ------------------------
     00000044  __start__stack                     p3main

ASxxxx Linker V03.00 + NoICE + sdld,  page 26.
Hexadecimal  [32-Bits]

Area                                    Addr        Size        Decimal Bytes (Attributes)
--------------------------------        ----        ----        ------- ----- ------------
HOME                                00000000    00000031 =          49. bytes (REL,CON,CODE)

      Value  Global                              Global Defined In Module
      -----  --------------------------------   ------------------------
C:   00000000  A$p3main$1294                      p3main
C:   00000003  A$p3main$1295                      p3main
C:   0000000B  A$p3main$1297                      p3main
C:   00000013  A$p3main$1299                      p3main
C:   0000001B  A$p3main$1301                      p3main
C:   00000023  A$p3main$1303                      p3main
C:   0000002B  A$p3main$1305                      p3main
C:   0000002E  A$p3main$1337                      p3main
C:   0000002E  __sdcc_program_startup             p3main
ASxxxx Linker V03.00 + NoICE + sdld,  page 27.
Hexadecimal  [32-Bits]

Area                                    Addr        Size        Decimal Bytes (Attributes)
--------------------------------        ----        ----        ------- ----- ------------
GSINIT0                             00000031    00000003 =           3. bytes (REL,CON,CODE)

      Value  Global                              Global Defined In Module
      -----  --------------------------------   ------------------------
C:   00000031  __sdcc_gsinit_startup              

ASxxxx Linker V03.00 + NoICE + sdld,  page 28.
Hexadecimal  [32-Bits]

Area                                    Addr        Size        Decimal Bytes (Attributes)
--------------------------------        ----        ----        ------- ----- ------------
GSINIT2                             00000034    0000000A =          10. bytes (REL,CON,CODE)

      Value  Global                              Global Defined In Module
      -----  --------------------------------   ------------------------
ASxxxx Linker V03.00 + NoICE + sdld,  page 29.
Hexadecimal  [32-Bits]

Area                                    Addr        Size        Decimal Bytes (Attributes)
--------------------------------        ----        ----        ------- ----- ------------
GSINIT3                             0000003E    00000022 =          34. bytes (REL,CON,CODE)

      Value  Global                              Global Defined In Module
      -----  --------------------------------   ------------------------
C:   0000003E  __mcs51_genXINIT                   

ASxxxx Linker V03.00 + NoICE + sdld,  page 30.
Hexadecimal  [32-Bits]

Area                                    Addr        Size        Decimal Bytes (Attributes)
--------------------------------        ----        ----        ------- ----- ------------
GSINIT4                             00000060    0000002A =          42. bytes (REL,CON,CODE)

      Value  Global                              Global Defined In Module
      -----  --------------------------------   ------------------------
C:   00000060  __mcs51_genRAMCLEAR                
C:   00000066  __mcs51_genXRAMCLEAR               

ASxxxx Linker V03.00 + NoICE + sdld,  page 31.
Hexadecimal  [32-Bits]

Area                                    Addr        Size        Decimal Bytes (Attributes)
--------------------------------        ----        ----        ------- ----- ------------
GSINIT                              0000008A    0000000C =          12. bytes (REL,CON,CODE)

      Value  Global                              Global Defined In Module
      -----  --------------------------------   ------------------------
C:   0000008A  A$p3main$1321                      p3main
C:   0000008A  C$p3main.c$22$1$64                 p3main
C:   0000008D  A$p3main$1324                      p3main
C:   0000008D  C$p3main.c$25$1$64                 p3main
C:   0000008E  A$p3main$1325                      p3main
C:   00000090  A$p3main$1326                      p3main
C:   00000092  A$p3main$1327                      p3main
C:   00000094  A$p3main$1328                      p3main

ASxxxx Linker V03.00 + NoICE + sdld,  page 32.
Hexadecimal  [32-Bits]

Area                                    Addr        Size        Decimal Bytes (Attributes)
--------------------------------        ----        ----        ------- ----- ------------
GSFINAL                             00000096    00000003 =           3. bytes (REL,CON,CODE)

      Value  Global                              Global Defined In Module
      -----  --------------------------------   ------------------------
C:   00000096  A$p3main$1330                      p3main

ASxxxx Linker V03.00 + NoICE + sdld,  page 33.
Hexadecimal  [32-Bits]

Area                                    Addr        Size        Decimal Bytes (Attributes)
--------------------------------        ----        ----        ------- ----- ------------
CSEG                                00000099    0000163E =        5694. bytes (REL,CON,CODE)

      Value  Global                              Global Defined In Module
      -----  --------------------------------   ------------------------
C:   00000099  A$p3main$1363                      p3main
C:   00000099  C$config.c$10$0$0                  p3main
C:   00000099  C$config.c$12$1$14                 p3main
C:   00000099  G$Reset_Sources_Init$0$0           p3main
C:   00000099  _Reset_Sources_Init                p3main
C:   0000009C  A$p3main$1366                      p3main
C:   0000009C  C$config.c$13$1$14                 p3main
C:   0000009F  A$p3main$1369                      p3main
C:   0000009F  C$config.c$14$1$14                 p3main
C:   0000009F  XG$Reset_Sources_Init$0$0          p3main
C:   000000A0  A$p3main$1382                      p3main
C:   000000A0  C$config.c$16$1$14                 p3main
C:   000000A0  C$config.c$18$1$15                 p3main
C:   000000A0  G$Timer_Init$0$0                   p3main
C:   000000A0  _Timer_Init                        p3main
C:   000000A3  A$p3main$1385                      p3main
C:   000000A3  C$config.c$19$1$15                 p3main
C:   000000A6  A$p3main$1388                      p3main
C:   000000A6  C$config.c$20$1$15                 p3main
C:   000000A9  A$p3main$1391                      p3main
C:   000000A9  C$config.c$21$1$15                 p3main
C:   000000AC  A$p3main$1394                      p3main
C:   000000AC  C$config.c$22$1$15                 p3main
C:   000000AF  A$p3main$1397                      p3main
C:   000000AF  C$config.c$23$1$15                 p3main
C:   000000B2  A$p3main$1400                      p3main
C:   000000B2  C$config.c$24$1$15                 p3main
C:   000000B5  A$p3main$1403                      p3main
C:   000000B5  C$config.c$25$1$15                 p3main
C:   000000B8  A$p3main$1406                      p3main
C:   000000B8  C$config.c$26$1$15                 p3main
C:   000000BB  A$p3main$1409                      p3main
C:   000000BB  C$config.c$27$1$15                 p3main
C:   000000BE  A$p3main$1412                      p3main
C:   000000BE  C$config.c$28$1$15                 p3main
C:   000000C1  A$p3main$1415                      p3main
C:   000000C1  C$config.c$29$1$15                 p3main
C:   000000C4  A$p3main$1418                      p3main
C:   000000C4  C$config.c$30$1$15                 p3main
C:   000000C7  A$p3main$1421                      p3main
C:   000000C7  C$config.c$31$1$15                 p3main
C:   000000CA  A$p3main$1424                      p3main
C:   000000CA  C$config.c$32$1$15                 p3main
C:   000000CD  A$p3main$1427                      p3main
C:   000000CD  C$config.c$33$1$15                 p3main
C:   000000D0  A$p3main$1430                      p3main
C:   000000D0  C$config.c$34$1$15                 p3main
C:   000000D0  XG$Timer_Init$0$0                  p3main
C:   000000D1  A$p3main$1443                      p3main
C:   000000D1  C$config.c$36$1$15                 p3main
ASxxxx Linker V03.00 + NoICE + sdld,  page 34.
Hexadecimal  [32-Bits]

Area                                    Addr        Size        Decimal Bytes (Attributes)
--------------------------------        ----        ----        ------- ----- ------------
CSEG                                00000099    0000163E =        5694. bytes (REL,CON,CODE)

      Value  Global                              Global Defined In Module
      -----  --------------------------------   ------------------------
C:   000000D1  C$config.c$38$1$16                 p3main
C:   000000D1  G$PCA_Init$0$0                     p3main
C:   000000D1  _PCA_Init                          p3main
C:   000000D4  A$p3main$1446                      p3main
C:   000000D4  C$config.c$39$1$16                 p3main
C:   000000D7  A$p3main$1449                      p3main
C:   000000D7  C$config.c$40$1$16                 p3main
C:   000000DA  A$p3main$1452                      p3main
C:   000000DA  C$config.c$41$1$16                 p3main
C:   000000DA  XG$PCA_Init$0$0                    p3main
C:   000000DB  A$p3main$1465                      p3main
C:   000000DB  C$config.c$43$1$16                 p3main
C:   000000DB  C$config.c$45$1$17                 p3main
C:   000000DB  G$UART_Init$0$0                    p3main
C:   000000DB  _UART_Init                         p3main
C:   000000DE  A$p3main$1468                      p3main
C:   000000DE  C$config.c$46$1$17                 p3main
C:   000000E1  A$p3main$1471                      p3main
C:   000000E1  C$config.c$47$1$17                 p3main
C:   000000E4  A$p3main$1474                      p3main
C:   000000E4  C$config.c$48$1$17                 p3main
C:   000000E4  XG$UART_Init$0$0                   p3main
C:   000000E5  A$p3main$1487                      p3main
C:   000000E5  C$config.c$50$1$17                 p3main
C:   000000E5  C$config.c$52$1$18                 p3main
C:   000000E5  G$SPI_Init$0$0                     p3main
C:   000000E5  _SPI_Init                          p3main
C:   000000E8  A$p3main$1490                      p3main
C:   000000E8  C$config.c$53$1$18                 p3main
C:   000000EB  A$p3main$1493                      p3main
C:   000000EB  C$config.c$54$1$18                 p3main
C:   000000EE  A$p3main$1496                      p3main
C:   000000EE  C$config.c$55$1$18                 p3main
C:   000000F1  A$p3main$1499                      p3main
C:   000000F1  C$config.c$56$1$18                 p3main
C:   000000F1  XG$SPI_Init$0$0                    p3main
C:   000000F2  A$p3main$1512                      p3main
C:   000000F2  C$config.c$58$1$18                 p3main
C:   000000F2  C$config.c$60$1$19                 p3main
C:   000000F2  G$ADC_Init$0$0                     p3main
C:   000000F2  _ADC_Init                          p3main
C:   000000F5  A$p3main$1515                      p3main
C:   000000F5  C$config.c$61$1$19                 p3main
C:   000000F8  A$p3main$1518                      p3main
C:   000000F8  C$config.c$62$1$19                 p3main
C:   000000F8  XG$ADC_Init$0$0                    p3main
C:   000000F9  A$p3main$1531                      p3main
C:   000000F9  C$config.c$64$1$19                 p3main
C:   000000F9  C$config.c$66$1$20                 p3main
C:   000000F9  G$Voltage_Reference_Init$0$0       p3main
C:   000000F9  _Voltage_Reference_Init            p3main
ASxxxx Linker V03.00 + NoICE + sdld,  page 35.
Hexadecimal  [32-Bits]

Area                                    Addr        Size        Decimal Bytes (Attributes)
--------------------------------        ----        ----        ------- ----- ------------
CSEG                                00000099    0000163E =        5694. bytes (REL,CON,CODE)

      Value  Global                              Global Defined In Module
      -----  --------------------------------   ------------------------
C:   000000FC  A$p3main$1534                      p3main
C:   000000FC  C$config.c$67$1$20                 p3main
C:   000000FF  A$p3main$1537                      p3main
C:   000000FF  C$config.c$68$1$20                 p3main
C:   000000FF  XG$Voltage_Reference_Init$0$0      p3main
C:   00000100  A$p3main$1550                      p3main
C:   00000100  C$config.c$108$1$21                p3main
C:   00000100  C$config.c$70$1$20                 p3main
C:   00000100  G$Port_IO_Init$0$0                 p3main
C:   00000100  _Port_IO_Init                      p3main
C:   00000103  A$p3main$1553                      p3main
C:   00000103  C$config.c$109$1$21                p3main
C:   00000106  A$p3main$1556                      p3main
C:   00000106  C$config.c$110$1$21                p3main
C:   00000109  A$p3main$1559                      p3main
C:   00000109  C$config.c$111$1$21                p3main
C:   0000010C  A$p3main$1562                      p3main
C:   0000010C  C$config.c$112$1$21                p3main
C:   0000010F  A$p3main$1565                      p3main
C:   0000010F  C$config.c$113$1$21                p3main
C:   0000010F  XG$Port_IO_Init$0$0                p3main
C:   00000110  A$p3main$1580                      p3main
C:   00000110  C$config.c$115$1$21                p3main
C:   00000110  C$config.c$118$1$22                p3main
C:   00000110  G$Oscillator_Init$0$0              p3main
C:   00000110  _Oscillator_Init                   p3main
C:   00000113  A$p3main$1583                      p3main
C:   00000113  C$config.c$119$1$22                p3main
C:   00000116  A$p3main$1586                      p3main
C:   00000116  C$config.c$120$1$22                p3main
C:   00000118  A$p3main$1587                      p3main
C:   0000011A  A$p3main$1589                      p3main
C:   0000011B  A$p3main$1590                      p3main
C:   0000011D  A$p3main$1591                      p3main
C:   0000011E  A$p3main$1592                      p3main
C:   0000011F  A$p3main$1593                      p3main
C:   00000121  A$p3main$1594                      p3main
C:   00000122  A$p3main$1595                      p3main
C:   00000124  A$p3main$1596                      p3main
C:   00000126  A$p3main$1597                      p3main
C:   00000127  A$p3main$1598                      p3main
C:   00000128  A$p3main$1599                      p3main
C:   0000012A  A$p3main$1603                      p3main
C:   0000012A  C$config.c$121$1$22                p3main
C:   0000012C  A$p3main$1604                      p3main
C:   0000012F  A$p3main$1607                      p3main
C:   0000012F  C$config.c$122$1$22                p3main
C:   00000132  A$p3main$1610                      p3main
C:   00000132  C$config.c$123$1$22                p3main
C:   00000132  XG$Oscillator_Init$0$0             p3main
C:   00000133  A$p3main$1623                      p3main
ASxxxx Linker V03.00 + NoICE + sdld,  page 36.
Hexadecimal  [32-Bits]

Area                                    Addr        Size        Decimal Bytes (Attributes)
--------------------------------        ----        ----        ------- ----- ------------
CSEG                                00000099    0000163E =        5694. bytes (REL,CON,CODE)

      Value  Global                              Global Defined In Module
      -----  --------------------------------   ------------------------
C:   00000133  C$config.c$125$1$22                p3main
C:   00000133  C$config.c$127$1$23                p3main
C:   00000133  G$Interrupts_Init$0$0              p3main
C:   00000133  _Interrupts_Init                   p3main
C:   00000136  A$p3main$1626                      p3main
C:   00000136  C$config.c$128$1$23                p3main
C:   00000139  A$p3main$1629                      p3main
C:   00000139  C$config.c$129$1$23                p3main
C:   00000139  XG$Interrupts_Init$0$0             p3main
C:   0000013A  A$p3main$1642                      p3main
C:   0000013A  C$config.c$133$1$23                p3main
C:   0000013A  C$config.c$135$1$25                p3main
C:   0000013A  G$Init_Device$0$0                  p3main
C:   0000013A  _Init_Device                       p3main
C:   0000013D  A$p3main$1645                      p3main
C:   0000013D  C$config.c$136$1$25                p3main
C:   00000140  A$p3main$1648                      p3main
C:   00000140  C$config.c$137$1$25                p3main
C:   00000143  A$p3main$1651                      p3main
C:   00000143  C$config.c$138$1$25                p3main
C:   00000146  A$p3main$1654                      p3main
C:   00000146  C$config.c$139$1$25                p3main
C:   00000149  A$p3main$1657                      p3main
C:   00000149  C$config.c$140$1$25                p3main
C:   0000014C  A$p3main$1660                      p3main
C:   0000014C  C$config.c$141$1$25                p3main
C:   0000014F  A$p3main$1663                      p3main
C:   0000014F  C$config.c$142$1$25                p3main
C:   00000152  A$p3main$1666                      p3main
C:   00000152  C$config.c$143$1$25                p3main
C:   00000155  A$p3main$1669                      p3main
C:   00000155  C$config.c$144$1$25                p3main
C:   00000158  A$p3main$1672                      p3main
C:   00000158  C$config.c$145$1$25                p3main
C:   00000158  XG$Init_Device$0$0                 p3main
C:   00000159  A$p3main$1685                      p3main
C:   00000159  C$p3main.c$42$1$25                 p3main
C:   00000159  C$p3main.c$44$1$33                 p3main
C:   00000159  G$main$0$0                         p3main
C:   00000159  _main                              p3main
C:   0000015C  A$p3main$1688                      p3main
C:   0000015C  C$p3main.c$45$1$33                 p3main
C:   0000015F  A$p3main$1691                      p3main
C:   0000015F  C$p3main.c$47$1$33                 p3main
C:   00000162  A$p3main$1694                      p3main
C:   00000162  C$p3main.c$48$1$33                 p3main
C:   00000165  A$p3main$1697                      p3main
C:   00000165  C$p3main.c$49$1$33                 p3main
C:   00000168  A$p3main$1700                      p3main
C:   00000168  C$p3main.c$50$1$33                 p3main
C:   0000016B  A$p3main$1703                      p3main
ASxxxx Linker V03.00 + NoICE + sdld,  page 37.
Hexadecimal  [32-Bits]

Area                                    Addr        Size        Decimal Bytes (Attributes)
--------------------------------        ----        ----        ------- ----- ------------
CSEG                                00000099    0000163E =        5694. bytes (REL,CON,CODE)

      Value  Global                              Global Defined In Module
      -----  --------------------------------   ------------------------
C:   0000016B  C$p3main.c$51$1$33                 p3main
C:   0000016D  A$p3main$1706                      p3main
C:   0000016D  C$p3main.c$53$1$33                 p3main
C:   00000170  A$p3main$1709                      p3main
C:   00000170  C$p3main.c$56$1$33                 p3main
C:   00000172  A$p3main$1710                      p3main
C:   00000174  A$p3main$1711                      p3main
C:   00000176  A$p3main$1712                      p3main
C:   00000178  A$p3main$1713                      p3main
C:   0000017B  A$p3main$1714                      p3main
C:   0000017D  A$p3main$1715                      p3main
C:   0000017F  A$p3main$1718                      p3main
C:   0000017F  C$p3main.c$57$1$33                 p3main
C:   00000182  A$p3main$1724                      p3main
C:   00000182  C$p3main.c$60$1$33                 p3main
C:   00000182  C$p3main.c$62$2$34                 p3main
C:   00000184  A$p3main$1725                      p3main
C:   00000187  A$p3main$1726                      p3main
C:   00000189  A$p3main$1728                      p3main
[...]
C:   000006FD  A$p3main$2929                      p3main
C:   000006FF  A$p3main$2930                      p3main
C:   00000701  A$p3main$2931                      p3main
C:   00000703  A$p3main$2932                      p3main
C:   00000704  A$p3main$2933                      p3main
C:   00000706  A$p3main$2934                      p3main
C:   00000708  A$p3main$2935                      p3main
C:   0000070A  A$p3main$2936                      p3main
C:   0000070C  A$p3main$2937                      p3main
C:   0000070E  A$p3main$2938                      p3main
C:   00000710  A$p3main$2939                      p3main
C:   00000712  A$p3main$2940                      p3main
C:   00000715  A$p3main$2941                      p3main
C:   00000718  A$p3main$2942                      p3main
C:   0000071A  A$p3main$2943                      p3main
C:   0000071D  A$p3main$2944                      p3main
C:   0000071F  A$p3main$2945                      p3main
C:   00000721  A$p3main$2946                      p3main
C:   00000723  A$p3main$2947                      p3main
C:   00000724  A$p3main$2948                      p3main
C:   00000726  A$p3main$2949                      p3main
C:   00000728  A$p3main$2950                      p3main
C:   0000072A  A$p3main$2951                      p3main
C:   0000072C  A$p3main$2952                      p3main
C:   0000072E  A$p3main$2953                      p3main
C:   00000730  A$p3main$2954                      p3main
C:   00000732  A$p3main$2955                      p3main
C:   00000734  A$p3main$2956                      p3main
C:   00000736  A$p3main$2957                      p3main
C:   00000738  A$p3main$2958                      p3main
C:   0000073A  A$p3main$2959                      p3main
C:   0000073D  A$p3main$2960                      p3main
C:   0000073F  A$p3main$2961                      p3main
C:   00000741  A$p3main$2962                      p3main
C:   00000743  A$p3main$2965                      p3main
C:   00000743  C$p3main.c$355$1$62                p3main
C:   00000743  XG$le_LM35$0$0                     p3main
ASxxxx Linker V03.00 + NoICE + sdld,  page 55.
Hexadecimal  [32-Bits]

Area                                    Addr        Size        Decimal Bytes (Attributes)
--------------------------------        ----        ----        ------- ----- ------------
CSEG                                00000099    0000163E =        5694. bytes (REL,CON,CODE)

      Value  Global                              Global Defined In Module
      -----  --------------------------------   ------------------------
C:   00000744  A$p3main$2976                      p3main
C:   00000744  C$p3main.c$358$1$62                p3main
C:   00000744  G$int_tc1$0$0                      p3main
C:   00000744  _int_tc1                           p3main
C:   00000746  A$p3main$2977                      p3main
C:   00000748  A$p3main$2978                      p3main
C:   0000074A  A$p3main$2979                      p3main
C:   0000074C  A$p3main$2980                      p3main
C:   0000074E  A$p3main$2981                      p3main
C:   00000750  A$p3main$2982                      p3main
C:   00000752  A$p3main$2983                      p3main
C:   00000754  A$p3main$2984                      p3main
C:   00000756  A$p3main$2985                      p3main
C:   00000758  A$p3main$2986                      p3main
C:   0000075A  A$p3main$2987                      p3main
C:   0000075C  A$p3main$2988                      p3main
C:   0000075E  A$p3main$2989                      p3main
C:   00000760  A$p3main$2990                      p3main
C:   00000763  A$p3main$2993                      p3main
C:   00000763  C$p3main.c$359$1$63                p3main
C:   00000765  A$p3main$2996                      p3main
C:   00000765  C$p3main.c$360$1$63                p3main
C:   00000767  A$p3main$2997                      p3main
C:   00000769  A$p3main$2998                      p3main
C:   0000076B  A$p3main$2999                      p3main
C:   0000076D  A$p3main$3000                      p3main
C:   0000076F  A$p3main$3001                      p3main
C:   00000771  A$p3main$3002                      p3main
C:   00000773  A$p3main$3003                      p3main
C:   00000775  A$p3main$3004                      p3main
C:   00000778  A$p3main$3005                      p3main
C:   0000077B  A$p3main$3006                      p3main
C:   0000077E  A$p3main$3007                      p3main
C:   00000780  A$p3main$3008                      p3main
C:   00000783  A$p3main$3009                      p3main
C:   00000786  A$p3main$3010                      p3main
C:   00000789  A$p3main$3011                      p3main
C:   0000078C  A$p3main$3012                      p3main
C:   0000078E  A$p3main$3013                      p3main
C:   00000790  A$p3main$3014                      p3main
C:   00000792  A$p3main$3015                      p3main
C:   00000794  A$p3main$3018                      p3main
C:   00000794  C$p3main.c$361$1$63                p3main
C:   00000795  A$p3main$3019                      p3main
C:   00000797  A$p3main$3020                      p3main
C:   00000799  A$p3main$3021                      p3main
C:   0000079B  A$p3main$3022                      p3main
C:   0000079D  A$p3main$3023                      p3main
C:   0000079F  A$p3main$3024                      p3main
C:   000007A2  A$p3main$3025                      p3main
C:   000007A5  A$p3main$3026                      p3main
ASxxxx Linker V03.00 + NoICE + sdld,  page 56.
Hexadecimal  [32-Bits]

Area                                    Addr        Size        Decimal Bytes (Attributes)
--------------------------------        ----        ----        ------- ----- ------------
CSEG                                00000099    0000163E =        5694. bytes (REL,CON,CODE)

      Value  Global                              Global Defined In Module
      -----  --------------------------------   ------------------------
C:   000007A8  A$p3main$3027                      p3main
C:   000007AA  A$p3main$3028                      p3main
C:   000007AD  A$p3main$3029                      p3main
C:   000007AF  A$p3main$3030                      p3main
C:   000007B1  A$p3main$3031                      p3main
C:   000007B3  A$p3main$3032                      p3main
C:   000007B5  A$p3main$3033                      p3main
C:   000007B6  A$p3main$3034                      p3main
C:   000007B8  A$p3main$3035                      p3main
C:   000007BA  A$p3main$3037                      p3main
C:   000007BC  A$p3main$3038                      p3main
C:   000007BE  A$p3main$3039                      p3main
C:   000007C0  A$p3main$3040                      p3main
C:   000007C2  A$p3main$3041                      p3main
C:   000007C4  A$p3main$3042                      p3main
C:   000007C6  A$p3main$3043                      p3main
C:   000007C8  A$p3main$3044                      p3main
C:   000007CA  A$p3main$3045                      p3main
C:   000007CC  A$p3main$3046                      p3main
C:   000007CE  A$p3main$3047                      p3main
C:   000007D0  A$p3main$3048                      p3main
C:   000007D2  A$p3main$3049                      p3main
C:   000007D4  A$p3main$3050                      p3main
C:   000007D6  A$p3main$3053                      p3main
C:   000007D6  C$p3main.c$362$1$63                p3main
C:   000007D6  XG$int_tc1$0$0                     p3main
C:   000007D7  A$p3main$3069                      p3main
C:   000007D7  C$p3main.c$364$1$63                p3main
C:   000007D7  C$p3main.c$367$1$64                p3main
C:   000007D7  G$le_pulso$0$0                     p3main
C:   000007D7  _le_pulso                          p3main
C:   000007DA  A$p3main$3072                      p3main
C:   000007DA  C$p3main.c$369$1$64                p3main
C:   000007DB  A$p3main$3073                      p3main
C:   000007DD  A$p3main$3074                      p3main
C:   000007DF  A$p3main$3075                      p3main
C:   000007E1  A$p3main$3076                      p3main
C:   000007E3  A$p3main$3079                      p3main
C:   000007E3  C$p3main.c$370$1$64                p3main
C:   000007E5  A$p3main$3082                      p3main
C:   000007E5  C$p3main.c$371$1$64                p3main
C:   000007E7  A$p3main$3086                      p3main
C:   000007E7  C$p3main.c$372$1$64                p3main
C:   000007EA  A$p3main$3089                      p3main
C:   000007EA  C$p3main.c$373$1$64                p3main
C:   000007EC  A$p3main$3092                      p3main
C:   000007EC  C$p3main.c$374$1$64                p3main
C:   000007EE  A$p3main$3095                      p3main
C:   000007EE  C$p3main.c$375$1$64                p3main
C:   000007F0  A$p3main$3096                      p3main
C:   000007F2  A$p3main$3097                      p3main
ASxxxx Linker V03.00 + NoICE + sdld,  page 57.
Hexadecimal  [32-Bits]

Area                                    Addr        Size        Decimal Bytes (Attributes)
--------------------------------        ----        ----        ------- ----- ------------
CSEG                                00000099    0000163E =        5694. bytes (REL,CON,CODE)

      Value  Global                              Global Defined In Module
      -----  --------------------------------   ------------------------
C:   000007F4  A$p3main$3098                      p3main
C:   000007F6  A$p3main$3099                      p3main
C:   000007F7  A$p3main$3100                      p3main
C:   000007F8  A$p3main$3101                      p3main
C:   000007FA  A$p3main$3102                      p3main
C:   000007FB  A$p3main$3103                      p3main
C:   000007FC  A$p3main$3104                      p3main
C:   000007FE  A$p3main$3108                      p3main
C:   000007FE  C$p3main.c$376$1$64                p3main
C:   00000800  A$p3main$3112                      p3main
C:   00000800  C$p3main.c$377$1$64                p3main
C:   00000802  A$p3main$3115                      p3main
C:   00000802  C$p3main.c$378$1$64                p3main
C:   00000805  A$p3main$3116                      p3main
C:   00000807  A$p3main$3117                      p3main
C:   00000809  A$p3main$3118                      p3main
C:   0000080B  A$p3main$3119                      p3main
C:   0000080C  A$p3main$3120                      p3main
C:   0000080E  A$p3main$3121                      p3main
C:   00000810  A$p3main$3122                      p3main
C:   00000812  A$p3main$3123                      p3main
C:   00000814  A$p3main$3124                      p3main
C:   00000816  A$p3main$3125                      p3main
C:   00000818  A$p3main$3126                      p3main
C:   0000081A  A$p3main$3127                      p3main
C:   0000081C  A$p3main$3128                      p3main
C:   0000081E  A$p3main$3129                      p3main
C:   00000820  A$p3main$3130                      p3main
C:   00000822  A$p3main$3131                      p3main
C:   00000823  A$p3main$3132                      p3main
C:   00000826  A$p3main$3133                      p3main
C:   00000828  A$p3main$3134                      p3main
C:   0000082A  A$p3main$3135                      p3main
C:   0000082C  A$p3main$3136                      p3main
C:   0000082D  A$p3main$3137                      p3main
C:   0000082F  A$p3main$3138                      p3main
C:   00000831  A$p3main$3139                      p3main
C:   00000833  A$p3main$3140                      p3main
C:   00000835  A$p3main$3141                      p3main
C:   00000837  A$p3main$3142                      p3main
C:   00000839  A$p3main$3143                      p3main
C:   0000083B  A$p3main$3144                      p3main
C:   0000083E  A$p3main$3145                      p3main
C:   00000841  A$p3main$3146                      p3main
C:   00000844  A$p3main$3147                      p3main
C:   00000846  A$p3main$3148                      p3main
C:   00000849  A$p3main$3149                      p3main
C:   0000084C  A$p3main$3150                      p3main
C:   0000084F  A$p3main$3151                      p3main
C:   00000852  A$p3main$3152                      p3main
C:   00000854  A$p3main$3153                      p3main
ASxxxx Linker V03.00 + NoICE + sdld,  page 58.
Hexadecimal  [32-Bits]

Area                                    Addr        Size        Decimal Bytes (Attributes)
--------------------------------        ----        ----        ------- ----- ------------
CSEG                                00000099    0000163E =        5694. bytes (REL,CON,CODE)

      Value  Global                              Global Defined In Module
      -----  --------------------------------   ------------------------
C:   00000856  A$p3main$3154                      p3main
C:   00000858  A$p3main$3155                      p3main
C:   0000085A  A$p3main$3158                      p3main
C:   0000085A  C$p3main.c$380$1$64                p3main
C:   0000085D  A$p3main$3159                      p3main
C:   00000860  A$p3main$3160                      p3main
C:   00000863  A$p3main$3161                      p3main
C:   00000865  A$p3main$3164                      p3main
C:   00000865  C$p3main.c$381$1$64                p3main
C:   00000865  XG$le_pulso$0$0                    p3main
C:   00000866  _printf_fast_f                     printf_fast_f
C:   00000CE7  ___fsmul                           _fsmul
C:   00000D8A  fsgetargs                          _fsget2args
C:   00000DB8  fs_rshift_a                        _fsrshift
C:   00000DFB  fs_normalize_a                     _fsnormalize
C:   00000E2E  ___fsgt                            _fsgt
C:   00000E5E  __moduint                          _moduint
C:   00000EAB  ___fsadd                           _fsadd
C:   00000EAE  fsadd_direct_entry                 _fsadd
C:   00000F04  fs_compare_uint32                  _fscmp
C:   00000F22  fs_check_negative_zeros            _fscmp
C:   00000F4D  ___uint2fs                         _uint2fs
C:   00000F59  fs_round_and_return                _fsreturnval
C:   00000F71  fs_zerocheck_return                _fsreturnval
C:   00000F7A  fs_return_zero                     _fsreturnval
C:   00000F82  fs_direct_return                   _fsreturnval
C:   00000F90  fs_return_inf                      _fsreturnval
C:   00000F9D  fs_return_nan                      _fsreturnval
C:   00000FB3  _vprintf                           vprintf
C:   00000FCC  _printf                            vprintf
C:   000010A3  __print_format                     printf_large
C:   000015AF  fs_swap_a_b                        _fsswapargs
C:   000015C9  _strlen                            _strlen
C:   000015E1  ___fsdiv                           _fsdiv
C:   000016A4  __gptrget                          _gptrget
C:   000016C0  ___ulong2fs                        _ulong2fs
C:   000016C9  ulong2fs_doit                      _ulong2fs
C:   000016D3  __sdcc_external_startup            _startup

ASxxxx Linker V03.00 + NoICE + sdld,  page 59.
Hexadecimal  [32-Bits]

Area                                    Addr        Size        Decimal Bytes (Attributes)
--------------------------------        ----        ----        ------- ----- ------------
CONST                               000016D7    000003C1 =         961. bytes (REL,CON,CODE)

      Value  Global                              Global Defined In Module
      -----  --------------------------------   ------------------------
C:   000016D7  Fp3main$__str_0$0$0                p3main
C:   000016EC  Fp3main$__str_1$0$0                p3main
C:   00001715  Fp3main$__str_2$0$0                p3main
C:   00001719  Fp3main$__str_3$0$0                p3main
C:   0000171B  Fp3main$__str_4$0$0                p3main
C:   0000172E  Fp3main$__str_5$0$0                p3main
C:   00001744  Fp3main$__str_6$0$0                p3main
C:   0000175B  Fp3main$__str_7$0$0                p3main
C:   00001774  Fp3main$__str_8$0$0                p3main
C:   0000177D  Fp3main$__str_9$0$0                p3main
C:   00001797  Fp3main$__str_10$0$0               p3main
C:   000017B1  Fp3main$__str_11$0$0               p3main
C:   000017E2  Fp3main$__str_12$0$0               p3main
C:   000017FD  Fp3main$__str_13$0$0               p3main
C:   0000181C  Fp3main$__str_14$0$0               p3main
C:   00001846  Fp3main$__str_15$0$0               p3main
C:   00001859  Fp3main$__str_16$0$0               p3main
C:   0000185B  Fp3main$__str_17$0$0               p3main
C:   00001861  Fp3main$__str_18$0$0               p3main
C:   00001871  Fp3main$__str_19$0$0               p3main
C:   0000188C  Fp3main$__str_20$0$0               p3main
ASxxxx Linker V03.00 + NoICE + sdld,  page 60.

Files Linked                              [ module(s) ]

Z:\9semestre\micap\micap-master-ultimo\micap-master\p3\p3main.rel
                                          [  ]


Libraries Linked                          [ object file ]

C:\Program Files\SDCC\bin\..\lib\small/libsdcc.lib
                                          [ printf_fast_f.rel ]
C:\Program Files\SDCC\bin\..\lib\small/libfloat.lib
                                          [ _fsmul.rel ]
C:\Program Files\SDCC\bin\..\lib\small/libfloat.lib
                                          [ _fsget2args.rel ]
C:\Program Files\SDCC\bin\..\lib\small/mcs51.lib
                                          [ crtclear.rel ]
C:\Program Files\SDCC\bin\..\lib\small/libfloat.lib
                                          [ _fsrshift.rel ]
C:\Program Files\SDCC\bin\..\lib\small/libfloat.lib
                                          [ _fsnormalize.rel ]
C:\Program Files\SDCC\bin\..\lib\small/mcs51.lib
                                          [ crtxinit.rel ]
C:\Program Files\SDCC\bin\..\lib\small/libfloat.lib
                                          [ _fsgt.rel ]
C:\Program Files\SDCC\bin\..\lib\small/libint.lib
                                          [ _moduint.rel ]
C:\Program Files\SDCC\bin\..\lib\small/mcs51.lib
                                          [ crtxclear.rel ]
C:\Program Files\SDCC\bin\..\lib\small/libfloat.lib
                                          [ _fsadd.rel ]
C:\Program Files\SDCC\bin\..\lib\small/libfloat.lib
                                          [ _fscmp.rel ]
C:\Program Files\SDCC\bin\..\lib\small/libfloat.lib
                                          [ _uint2fs.rel ]
C:\Program Files\SDCC\bin\..\lib\small/libfloat.lib
                                          [ _fsreturnval.rel ]
C:\Program Files\SDCC\bin\..\lib\small/libsdcc.lib
                                          [ _bp.rel ]
C:\Program Files\SDCC\bin\..\lib\small/libsdcc.lib
                                          [ vprintf.rel ]
C:\Program Files\SDCC\bin\..\lib\small/libsdcc.lib
                                          [ printf_large.rel ]
C:\Program Files\SDCC\bin\..\lib\small/mcs51.lib
                                          [ crtpagesfr.rel ]
C:\Program Files\SDCC\bin\..\lib\small/libfloat.lib
                                          [ _fsswapargs.rel ]
C:\Program Files\SDCC\bin\..\lib\small/libsdcc.lib
                                          [ _strlen.rel ]
C:\Program Files\SDCC\bin\..\lib\small/libfloat.lib
                                          [ _fsdiv.rel ]
C:\Program Files\SDCC\bin\..\lib\small/mcs51.lib
                                          [ crtstart.rel ]
C:\Program Files\SDCC\bin\..\lib\small/libsdcc.lib
                                          [ _gptrget.rel ]
C:\Program Files\SDCC\bin\..\lib\small/libfloat.lib
                                          [ _ulong2fs.rel ]
C:\Program Files\SDCC\bin\..\lib\small/libsdcc.lib
                                          [ _startup.rel ]

ASxxxx Linker V03.00 + NoICE + sdld,  page 61.

User Base Address Definitions

HOME = 0x0000
XSEG = 0x0001
PSEG = 0x0001
ISEG = 0x0000
BSEG = 0x0000

